Archive member included because of file (symbol)

/Users/akihiro/LPCXpresso/workspace/mbed_cookie_clicker/mbed/TARGET_LPC1768/TOOLCHAIN_GCC_CR/libmbed.a(serial_api.o)
                              /Users/akihiro/LPCXpresso/workspace/mbed_cookie_clicker/mbed/TARGET_LPC1768/TOOLCHAIN_GCC_CR/retarget.o (serial_getc)
/Users/akihiro/LPCXpresso/workspace/mbed_cookie_clicker/mbed/TARGET_LPC1768/TOOLCHAIN_GCC_CR/libmbed.a(FileSystemLike.o)
                              /Users/akihiro/LPCXpresso/workspace/mbed_cookie_clicker/mbed/TARGET_LPC1768/TOOLCHAIN_GCC_CR/retarget.o (mbed::FileSystemLike::opendir())
/Users/akihiro/LPCXpresso/workspace/mbed_cookie_clicker/mbed/TARGET_LPC1768/TOOLCHAIN_GCC_CR/libmbed.a(FilePath.o)
                              /Users/akihiro/LPCXpresso/workspace/mbed_cookie_clicker/mbed/TARGET_LPC1768/TOOLCHAIN_GCC_CR/retarget.o (mbed::FilePath::FilePath(char const*))
/Users/akihiro/LPCXpresso/workspace/mbed_cookie_clicker/mbed/TARGET_LPC1768/TOOLCHAIN_GCC_CR/libmbed.a(I2C.o)
                              ./MMA7660/MMA7660.o (mbed::I2C::I2C(PinName, PinName))
/Users/akihiro/LPCXpresso/workspace/mbed_cookie_clicker/mbed/TARGET_LPC1768/TOOLCHAIN_GCC_CR/libmbed.a(SPI.o)
                              ./C12832/C12832.o (mbed::SPI::SPI(PinName, PinName, PinName, PinName))
/Users/akihiro/LPCXpresso/workspace/mbed_cookie_clicker/mbed/TARGET_LPC1768/TOOLCHAIN_GCC_CR/libmbed.a(Stream.o)
                              ./C12832/C12832.o (mbed::Stream::close())
/Users/akihiro/LPCXpresso/workspace/mbed_cookie_clicker/mbed/TARGET_LPC1768/TOOLCHAIN_GCC_CR/libmbed.a(assert.o)
                              ./C12832/C12832.o (mbed_assert_internal)
/Users/akihiro/LPCXpresso/workspace/mbed_cookie_clicker/mbed/TARGET_LPC1768/TOOLCHAIN_GCC_CR/libmbed.a(error.o)
                              ./mbed-rtos/rtos/Mutex.o (error)
/Users/akihiro/LPCXpresso/workspace/mbed_cookie_clicker/mbed/TARGET_LPC1768/TOOLCHAIN_GCC_CR/libmbed.a(exit.o)
                              ./mbed-rtos/rtx/TARGET_CORTEX_M/RTX_Conf_CM.o (exit)
/Users/akihiro/LPCXpresso/workspace/mbed_cookie_clicker/mbed/TARGET_LPC1768/TOOLCHAIN_GCC_CR/libmbed.a(gpio.o)
                              /Users/akihiro/LPCXpresso/workspace/mbed_cookie_clicker/mbed/TARGET_LPC1768/TOOLCHAIN_GCC_CR/libmbed.a(serial_api.o) (gpio_init_in)
/Users/akihiro/LPCXpresso/workspace/mbed_cookie_clicker/mbed/TARGET_LPC1768/TOOLCHAIN_GCC_CR/libmbed.a(mbed_interface.o)
                              /Users/akihiro/LPCXpresso/workspace/mbed_cookie_clicker/mbed/TARGET_LPC1768/TOOLCHAIN_GCC_CR/libmbed.a(exit.o) (mbed_interface_connected)
/Users/akihiro/LPCXpresso/workspace/mbed_cookie_clicker/mbed/TARGET_LPC1768/TOOLCHAIN_GCC_CR/libmbed.a(pinmap_common.o)
                              /Users/akihiro/LPCXpresso/workspace/mbed_cookie_clicker/mbed/TARGET_LPC1768/TOOLCHAIN_GCC_CR/libmbed.a(serial_api.o) (pinmap_pinout)
/Users/akihiro/LPCXpresso/workspace/mbed_cookie_clicker/mbed/TARGET_LPC1768/TOOLCHAIN_GCC_CR/libmbed.a(semihost_api.o)
                              /Users/akihiro/LPCXpresso/workspace/mbed_cookie_clicker/mbed/TARGET_LPC1768/TOOLCHAIN_GCC_CR/libmbed.a(exit.o) (semihost_exit)
/Users/akihiro/LPCXpresso/workspace/mbed_cookie_clicker/mbed/TARGET_LPC1768/TOOLCHAIN_GCC_CR/libmbed.a(wait_api.o)
                              ./C12832/C12832.o (wait_us)
/Users/akihiro/LPCXpresso/workspace/mbed_cookie_clicker/mbed/TARGET_LPC1768/TOOLCHAIN_GCC_CR/libmbed.a(gpio_api.o)
                              /Users/akihiro/LPCXpresso/workspace/mbed_cookie_clicker/mbed/TARGET_LPC1768/TOOLCHAIN_GCC_CR/libmbed.a(gpio.o) (gpio_init)
/Users/akihiro/LPCXpresso/workspace/mbed_cookie_clicker/mbed/TARGET_LPC1768/TOOLCHAIN_GCC_CR/libmbed.a(pinmap.o)
                              /Users/akihiro/LPCXpresso/workspace/mbed_cookie_clicker/mbed/TARGET_LPC1768/TOOLCHAIN_GCC_CR/libmbed.a(pinmap_common.o) (pin_function)
/Users/akihiro/LPCXpresso/workspace/mbed_cookie_clicker/mbed/TARGET_LPC1768/TOOLCHAIN_GCC_CR/libmbed.a(i2c_api.o)
                              /Users/akihiro/LPCXpresso/workspace/mbed_cookie_clicker/mbed/TARGET_LPC1768/TOOLCHAIN_GCC_CR/libmbed.a(I2C.o) (i2c_init)
/Users/akihiro/LPCXpresso/workspace/mbed_cookie_clicker/mbed/TARGET_LPC1768/TOOLCHAIN_GCC_CR/libmbed.a(spi_api.o)
                              /Users/akihiro/LPCXpresso/workspace/mbed_cookie_clicker/mbed/TARGET_LPC1768/TOOLCHAIN_GCC_CR/libmbed.a(SPI.o) (spi_format)
/Users/akihiro/LPCXpresso/workspace/mbed_cookie_clicker/mbed/TARGET_LPC1768/TOOLCHAIN_GCC_CR/libmbed.a(us_ticker.o)
                              /Users/akihiro/LPCXpresso/workspace/mbed_cookie_clicker/mbed/TARGET_LPC1768/TOOLCHAIN_GCC_CR/libmbed.a(wait_api.o) (us_ticker_read)
/Users/akihiro/LPCXpresso/workspace/mbed_cookie_clicker/mbed/TARGET_LPC1768/TOOLCHAIN_GCC_CR/libmbed.a(FileBase.o)
                              /Users/akihiro/LPCXpresso/workspace/mbed_cookie_clicker/mbed/TARGET_LPC1768/TOOLCHAIN_GCC_CR/libmbed.a(FileSystemLike.o) (mbed::FileBase::~FileBase())
[...]
Memory Configuration

Name             Origin             Length             Attributes
MFlash512        0x0000000000000000 0x0000000000080000 xr
RamLoc32         0x00000000100000c8 0x0000000000007f38 xrw
RamAHB32         0x000000002007c000 0x0000000000008000 xrw
*default*        0x0000000000000000 0xffffffffffffffff

Linker script and memory map

LOAD ./mbed-rtos/rtx/TARGET_CORTEX_M/TARGET_M3/TOOLCHAIN_GCC/HAL_CM3.o
LOAD ./mbed-rtos/rtx/TARGET_CORTEX_M/TARGET_M3/TOOLCHAIN_GCC/SVC_Table.o
LOAD ./mbed-rtos/rtx/TARGET_CORTEX_M/HAL_CM.o
LOAD ./mbed-rtos/rtx/TARGET_CORTEX_M/RTX_Conf_CM.o
LOAD ./mbed-rtos/rtx/TARGET_CORTEX_M/rt_CMSIS.o
LOAD ./mbed-rtos/rtx/TARGET_CORTEX_M/rt_Event.o
LOAD ./mbed-rtos/rtx/TARGET_CORTEX_M/rt_List.o
LOAD ./mbed-rtos/rtx/TARGET_CORTEX_M/rt_Mailbox.o
LOAD ./mbed-rtos/rtx/TARGET_CORTEX_M/rt_MemBox.o
LOAD ./mbed-rtos/rtx/TARGET_CORTEX_M/rt_Mutex.o
LOAD ./mbed-rtos/rtx/TARGET_CORTEX_M/rt_Robin.o
LOAD ./mbed-rtos/rtx/TARGET_CORTEX_M/rt_Semaphore.o
LOAD ./mbed-rtos/rtx/TARGET_CORTEX_M/rt_System.o
LOAD ./mbed-rtos/rtx/TARGET_CORTEX_M/rt_Task.o
LOAD ./mbed-rtos/rtx/TARGET_CORTEX_M/rt_Time.o
LOAD ./mbed-rtos/rtos/Mutex.o
LOAD ./mbed-rtos/rtos/RtosTimer.o
LOAD ./mbed-rtos/rtos/Semaphore.o
LOAD ./mbed-rtos/rtos/Thread.o
LOAD ./MMA7660/MMA7660.o
LOAD ./C12832/C12832.o
LOAD ./C12832/GraphicsDisplay.o
LOAD ./C12832/TextDisplay.o
LOAD ./main.o
LOAD /Users/akihiro/LPCXpresso/workspace/mbed_cookie_clicker/mbed/TARGET_LPC1768/TOOLCHAIN_GCC_CR/cmsis_nvic.o
LOAD /Users/akihiro/LPCXpresso/workspace/mbed_cookie_clicker/mbed/TARGET_LPC1768/TOOLCHAIN_GCC_CR/system_LPC17xx.o
LOAD /Users/akihiro/LPCXpresso/workspace/mbed_cookie_clicker/mbed/TARGET_LPC1768/TOOLCHAIN_GCC_CR/board.o
LOAD /Users/akihiro/LPCXpresso/workspace/mbed_cookie_clicker/mbed/TARGET_LPC1768/TOOLCHAIN_GCC_CR/retarget.o
LOAD /Users/akihiro/LPCXpresso/workspace/mbed_cookie_clicker/mbed/TARGET_LPC1768/TOOLCHAIN_GCC_CR/startup_LPC17xx.o
LOAD /Users/akihiro/LPCXpresso/workspace/mbed_cookie_clicker/mbed/TARGET_LPC1768/TOOLCHAIN_GCC_CR/libmbed.a
START GROUP
LOAD /Applications/lpcxpresso_7.5.0_254/lpcxpresso/tools/bin/../lib/gcc/arm-none-eabi/4.8.4/armv7-m/libgcc.a
LOAD /Applications/lpcxpresso_7.5.0_254/lpcxpresso/tools/bin/../lib/gcc/arm-none-eabi/4.8.4/../../../../arm-none-eabi/lib/armv7-m/libc.a
LOAD /Applications/lpcxpresso_7.5.0_254/lpcxpresso/tools/bin/../lib/gcc/arm-none-eabi/4.8.4/../../../../arm-none-eabi/lib/armv7-m/libstdc++.a
LOAD /Applications/lpcxpresso_7.5.0_254/lpcxpresso/tools/bin/../lib/gcc/arm-none-eabi/4.8.4/../../../../arm-none-eabi/lib/armv7-m/libm.a
LOAD /Applications/lpcxpresso_7.5.0_254/lpcxpresso/tools/bin/../lib/gcc/arm-none-eabi/4.8.4/../../../../arm-none-eabi/lib/armv7-m/libcr_newlib_nohost.a
LOAD /Applications/lpcxpresso_7.5.0_254/lpcxpresso/tools/bin/../lib/gcc/arm-none-eabi/4.8.4/armv7-m/crti.o
LOAD /Applications/lpcxpresso_7.5.0_254/lpcxpresso/tools/bin/../lib/gcc/arm-none-eabi/4.8.4/armv7-m/crtn.o
LOAD /Applications/lpcxpresso_7.5.0_254/lpcxpresso/tools/bin/../lib/gcc/arm-none-eabi/4.8.4/armv7-m/crtbegin.o
LOAD /Applications/lpcxpresso_7.5.0_254/lpcxpresso/tools/bin/../lib/gcc/arm-none-eabi/4.8.4/armv7-m/crtend.o
END GROUP
                0x0000000000080000                __top_MFlash512 = 0x80000
                0x0000000010008000                __top_RamLoc32 = 0x10008000
                0x0000000020084000                __top_RamAHB32 = 0x20084000

.text           0x0000000000000000    0x119b0
 FILL mask 0xff
 *(.isr_vector)
 .isr_vector    0x0000000000000000       0xcc /Users/akihiro/LPCXpresso/workspace/mbed_cookie_clicker/mbed/TARGET_LPC1768/TOOLCHAIN_GCC_CR/startup_LPC17xx.o
                0x0000000000000000                g_pfnVectors
                0x00000000000000cc                . = ALIGN (0x4)
                0x00000000000000cc                __section_table_start = .
                0x00000000000000cc                __data_section_table = .
                0x00000000000000cc        0x4 LONG 0x119b8 LOADADDR (.data)
                0x00000000000000d0        0x4 LONG 0x100000c8 ADDR (.data)
                0x00000000000000d4        0x4 LONG 0x940 SIZEOF (.data)
                0x00000000000000d8        0x4 LONG 0x119b8 LOADADDR (.data_RAM2)
                0x00000000000000dc        0x4 LONG 0x2007c000 ADDR (.data_RAM2)
                0x00000000000000e0        0x4 LONG 0x0 SIZEOF (.data_RAM2)
                0x00000000000000e4                __data_section_table_end = .
                0x00000000000000e4                __bss_section_table = .
                0x00000000000000e4        0x4 LONG 0x10000a08 ADDR (.bss)
                0x00000000000000e8        0x4 LONG 0x10a0 SIZEOF (.bss)
                0x00000000000000ec        0x4 LONG 0x2007c000 ADDR (.bss_RAM2)
                0x00000000000000f0        0x4 LONG 0x0 SIZEOF (.bss_RAM2)
                0x00000000000000f4                __bss_section_table_end = .
                0x00000000000000f4                __section_table_end = .
 *(.after_vectors*)
 .after_vectors
                0x00000000000000f4       0xd0 /Users/akihiro/LPCXpresso/workspace/mbed_cookie_clicker/mbed/TARGET_LPC1768/TOOLCHAIN_GCC_CR/startup_LPC17xx.o
                0x00000000000000f4                NMI_Handler
                0x00000000000000f8                HardFault_Handler
                0x00000000000000fc                MemManage_Handler
                0x0000000000000100                BusFault_Handler
                0x0000000000000104                UsageFault_Handler
                0x000000000000010c                DebugMon_Handler
                0x0000000000000118                EINT2_IRQHandler
                0x0000000000000118                UART1_IRQHandler
                0x0000000000000118                EINT3_IRQHandler
                0x0000000000000118                CANActivity_IRQHandler
                0x0000000000000118                TIMER3_IRQHandler
                0x0000000000000118                UART0_IRQHandler
                0x0000000000000118                IntDefaultHandler
                0x0000000000000118                PLL0_IRQHandler
                0x0000000000000118                CAN_IRQHandler
                0x0000000000000118                PLL1_IRQHandler
                0x0000000000000118                SSP0_IRQHandler
                0x0000000000000118                I2S_IRQHandler
                0x0000000000000118                I2C2_IRQHandler
                0x0000000000000118                RTC_IRQHandler
                0x0000000000000118                TIMER0_IRQHandler
                0x0000000000000118                SPI_IRQHandler
                0x0000000000000118                EINT1_IRQHandler
                0x0000000000000118                TIMER1_IRQHandler
                0x0000000000000118                UART2_IRQHandler
                0x0000000000000118                ADC_IRQHandler
                0x0000000000000118                SSP1_IRQHandler
                0x0000000000000118                USB_IRQHandler
                0x0000000000000118                TIMER2_IRQHandler
                0x0000000000000118                BOD_IRQHandler
                0x0000000000000118                RIT_IRQHandler
                0x0000000000000118                I2C0_IRQHandler
                0x0000000000000118                USBActivity_IRQHandler
                0x0000000000000118                PWM1_IRQHandler
                0x0000000000000118                I2C1_IRQHandler
                0x0000000000000118                UART3_IRQHandler
                0x0000000000000118                MCPWM_IRQHandler
                0x0000000000000118                ENET_IRQHandler
                0x0000000000000118                WDT_IRQHandler
                0x0000000000000118                QEI_IRQHandler
                0x0000000000000118                EINT0_IRQHandler
                0x0000000000000118                DMA_IRQHandler
                0x000000000000011c                ResetISR
                0x000000000000019c                data_init
                0x00000000000001b4                bss_init
 *(.text*)
 .text          0x00000000000001c4      0x130 ./mbed-rtos/rtx/TARGET_CORTEX_M/TARGET_M3/TOOLCHAIN_GCC/HAL_CM3.o
                0x00000000000001c4                rt_set_PSP
                0x00000000000001ca                rt_get_PSP
                0x00000000000001d0                os_set_env
                0x00000000000001e8                _alloc_box
                0x0000000000000204                _free_box
                0x0000000000000220                SVC_Handler
                0x000000000000028e                PendSV_Handler
                0x0000000000000292                Sys_Switch
                0x00000000000002c6                SysTick_Handler
                0x00000000000002ce                OS_Tick_Handler
 .text.rt_init_stack
                0x00000000000002f4       0x98 ./mbed-rtos/rtx/TARGET_CORTEX_M/HAL_CM.o
                0x00000000000002f4                rt_init_stack
 .text.rt_ret_regs
                0x000000000000038c       0x1c ./mbed-rtos/rtx/TARGET_CORTEX_M/HAL_CM.o
 .text.rt_ret_val
                0x00000000000003a8       0x20 ./mbed-rtos/rtx/TARGET_CORTEX_M/HAL_CM.o
                0x00000000000003a8                rt_ret_val
 .text.rt_ret_val2
                0x00000000000003c8       0x28 ./mbed-rtos/rtx/TARGET_CORTEX_M/HAL_CM.o
                0x00000000000003c8                rt_ret_val2
 .text.os_idle_demon
                0x00000000000003f0        0x8 ./mbed-rtos/rtx/TARGET_CORTEX_M/RTX_Conf_CM.o
                0x00000000000003f0                os_idle_demon
 .text.os_error
                0x00000000000003f8       0x14 ./mbed-rtos/rtx/TARGET_CORTEX_M/RTX_Conf_CM.o
                0x00000000000003f8                os_error
 .text.sysThreadError
                0x000000000000040c       0x18 ./mbed-rtos/rtx/TARGET_CORTEX_M/RTX_Conf_CM.o
                0x000000000000040c                sysThreadError
 .text.set_main_stack
                0x0000000000000424       0x1c ./mbed-rtos/rtx/TARGET_CORTEX_M/RTX_Conf_CM.o
                0x0000000000000424                set_main_stack
 .text.software_init_hook
                0x0000000000000440       0x38 ./mbed-rtos/rtx/TARGET_CORTEX_M/RTX_Conf_CM.o
                0x0000000000000440                software_init_hook
 .text.rt_ms2tick
                0x0000000000000478       0x68 ./mbed-rtos/rtx/TARGET_CORTEX_M/rt_CMSIS.o
 .text.rt_tid2ptcb
                0x00000000000004e0       0x40 ./mbed-rtos/rtx/TARGET_CORTEX_M/rt_CMSIS.o
 .text.rt_id2obj
                0x0000000000000520       0x24 ./mbed-rtos/rtx/TARGET_CORTEX_M/rt_CMSIS.o
 .text.svcKernelInitialize
                0x0000000000000544       0x38 ./mbed-rtos/rtx/TARGET_CORTEX_M/rt_CMSIS.o
                0x0000000000000544                svcKernelInitialize
 .text.svcKernelStart
                0x000000000000057c       0x78 ./mbed-rtos/rtx/TARGET_CORTEX_M/rt_CMSIS.o
                0x000000000000057c                svcKernelStart
 .text.osKernelInitialize
                0x00000000000005f4       0x44 ./mbed-rtos/rtx/TARGET_CORTEX_M/rt_CMSIS.o
                0x00000000000005f4                osKernelInitialize
 .text.osKernelStart
                0x0000000000000638       0xc8 ./mbed-rtos/rtx/TARGET_CORTEX_M/rt_CMSIS.o
                0x0000000000000638                osKernelStart
 .text.svcThreadCreate
                0x0000000000000700       0xc8 ./mbed-rtos/rtx/TARGET_CORTEX_M/rt_CMSIS.o
                0x0000000000000700                svcThreadCreate
 .text.svcThreadGetId
                0x00000000000007c8       0x2c ./mbed-rtos/rtx/TARGET_CORTEX_M/rt_CMSIS.o
                0x00000000000007c8                svcThreadGetId
 .text.svcThreadTerminate
                0x00000000000007f4       0x3c ./mbed-rtos/rtx/TARGET_CORTEX_M/rt_CMSIS.o
                0x00000000000007f4                svcThreadTerminate
 .text.osThreadCreate
                0x0000000000000830       0x64 ./mbed-rtos/rtx/TARGET_CORTEX_M/rt_CMSIS.o
                0x0000000000000830                osThreadCreate
 .text.osThreadExit
                0x0000000000000894       0x20 ./mbed-rtos/rtx/TARGET_CORTEX_M/rt_CMSIS.o
                0x0000000000000894                osThreadExit
 .text.rt_timer_insert
                0x00000000000008b4       0x84 ./mbed-rtos/rtx/TARGET_CORTEX_M/rt_CMSIS.o
 .text.svcTimerCall
                0x0000000000000938       0x60 ./mbed-rtos/rtx/TARGET_CORTEX_M/rt_CMSIS.o
                0x0000000000000938                svcTimerCall
 .text.sysTimerTick
                0x0000000000000998       0x7c ./mbed-rtos/rtx/TARGET_CORTEX_M/rt_CMSIS.o
                0x0000000000000998                sysTimerTick
 .text.osTimerCall
                0x0000000000000a14       0x30 ./mbed-rtos/rtx/TARGET_CORTEX_M/rt_CMSIS.o
                0x0000000000000a14                osTimerCall
 .text.osTimerThread
                0x0000000000000a44       0x48 ./mbed-rtos/rtx/TARGET_CORTEX_M/rt_CMSIS.o
                0x0000000000000a44                osTimerThread
 .text.svcMessageCreate
                0x0000000000000a8c       0x64 ./mbed-rtos/rtx/TARGET_CORTEX_M/rt_CMSIS.o
                0x0000000000000a8c                svcMessageCreate
 .text.svcMessageGet
                0x0000000000000af0       0xec ./mbed-rtos/rtx/TARGET_CORTEX_M/rt_CMSIS.o
                0x0000000000000af0                svcMessageGet
 .text.isrMessagePut
                0x0000000000000bdc       0x4c ./mbed-rtos/rtx/TARGET_CORTEX_M/rt_CMSIS.o
 .text.isrMessageGet
                0x0000000000000c28       0x84 ./mbed-rtos/rtx/TARGET_CORTEX_M/rt_CMSIS.o
 .text.osMessageGet
                0x0000000000000cac       0x5c ./mbed-rtos/rtx/TARGET_CORTEX_M/rt_CMSIS.o
                0x0000000000000cac                osMessageGet
 .text.rt_evt_psh
                0x0000000000000d08       0xa4 ./mbed-rtos/rtx/TARGET_CORTEX_M/rt_Event.o
                0x0000000000000d08                rt_evt_psh
 .text.rt_inc_qi
                0x0000000000000dac       0x60 ./mbed-rtos/rtx/TARGET_CORTEX_M/rt_List.o
 .text.rt_put_prio
                0x0000000000000e0c       0x8c ./mbed-rtos/rtx/TARGET_CORTEX_M/rt_List.o
                0x0000000000000e0c                rt_put_prio
 .text.rt_get_first
                0x0000000000000e98       0x60 ./mbed-rtos/rtx/TARGET_CORTEX_M/rt_List.o
                0x0000000000000e98                rt_get_first
 .text.rt_put_rdy_first
                0x0000000000000ef8       0x2c ./mbed-rtos/rtx/TARGET_CORTEX_M/rt_List.o
                0x0000000000000ef8                rt_put_rdy_first
 .text.rt_resort_prio
                0x0000000000000f24       0x4c ./mbed-rtos/rtx/TARGET_CORTEX_M/rt_List.o
                0x0000000000000f24                rt_resort_prio
 .text.rt_put_dly
                0x0000000000000f70       0xc8 ./mbed-rtos/rtx/TARGET_CORTEX_M/rt_List.o
                0x0000000000000f70                rt_put_dly
 .text.rt_dec_dly
                0x0000000000001038       0xcc ./mbed-rtos/rtx/TARGET_CORTEX_M/rt_List.o
                0x0000000000001038                rt_dec_dly
 .text.rt_rmv_list
                0x0000000000001104       0x64 ./mbed-rtos/rtx/TARGET_CORTEX_M/rt_List.o
                0x0000000000001104                rt_rmv_list
 .text.rt_rmv_dly
                0x0000000000001168       0x5c ./mbed-rtos/rtx/TARGET_CORTEX_M/rt_List.o
                0x0000000000001168                rt_rmv_dly
 .text.rt_psq_enq
                0x00000000000011c4       0x54 ./mbed-rtos/rtx/TARGET_CORTEX_M/rt_List.o
                0x00000000000011c4                rt_psq_enq
 .text.rt_mbx_init
                0x0000000000001218       0x50 ./mbed-rtos/rtx/TARGET_CORTEX_M/rt_Mailbox.o
                0x0000000000001218                rt_mbx_init
 .text.rt_mbx_wait
                0x0000000000001268      0x118 ./mbed-rtos/rtx/TARGET_CORTEX_M/rt_Mailbox.o
                0x0000000000001268                rt_mbx_wait
 .text.rt_mbx_check
                0x0000000000001380       0x24 ./mbed-rtos/rtx/TARGET_CORTEX_M/rt_Mailbox.o
                0x0000000000001380                rt_mbx_check
 .text.isr_mbx_send
                0x00000000000013a4       0x24 ./mbed-rtos/rtx/TARGET_CORTEX_M/rt_Mailbox.o
                0x00000000000013a4                isr_mbx_send
 .text.isr_mbx_receive
                0x00000000000013c8       0x80 ./mbed-rtos/rtx/TARGET_CORTEX_M/rt_Mailbox.o
                0x00000000000013c8                isr_mbx_receive
 .text.rt_mbx_psh
                0x0000000000001448      0x158 ./mbed-rtos/rtx/TARGET_CORTEX_M/rt_Mailbox.o
                0x0000000000001448                rt_mbx_psh
 .text.rt_alloc_box
                0x00000000000015a0       0x44 ./mbed-rtos/rtx/TARGET_CORTEX_M/rt_MemBox.o
                0x00000000000015a0                rt_alloc_box
 .text.rt_free_box
                0x00000000000015e4       0x54 ./mbed-rtos/rtx/TARGET_CORTEX_M/rt_MemBox.o
                0x00000000000015e4                rt_free_box
 .text.rt_init_robin
                0x0000000000001638       0x24 ./mbed-rtos/rtx/TARGET_CORTEX_M/rt_Robin.o
                0x0000000000001638                rt_init_robin
 .text.rt_chk_robin
                0x000000000000165c       0x68 ./mbed-rtos/rtx/TARGET_CORTEX_M/rt_Robin.o
                0x000000000000165c                rt_chk_robin
 .text.rt_sem_psh
                0x00000000000016c4       0x4c ./mbed-rtos/rtx/TARGET_CORTEX_M/rt_Semaphore.o
                0x00000000000016c4                rt_sem_psh
 .text.rt_systick_init
                0x0000000000001710       0x40 ./mbed-rtos/rtx/TARGET_CORTEX_M/rt_System.o
 .text.rt_psh_req
                0x0000000000001750       0x34 ./mbed-rtos/rtx/TARGET_CORTEX_M/rt_System.o
                0x0000000000001750                rt_psh_req
 .text.rt_pop_req
                0x0000000000001784       0xc8 ./mbed-rtos/rtx/TARGET_CORTEX_M/rt_System.o
                0x0000000000001784                rt_pop_req
 .text.os_tick_init
                0x000000000000184c       0x10 ./mbed-rtos/rtx/TARGET_CORTEX_M/rt_System.o
                0x000000000000184c                os_tick_init
 .text.os_tick_irqack
                0x000000000000185c        0xc ./mbed-rtos/rtx/TARGET_CORTEX_M/rt_System.o
                0x000000000000185c                os_tick_irqack
 .text.rt_systick
                0x0000000000001868       0x50 ./mbed-rtos/rtx/TARGET_CORTEX_M/rt_System.o
                0x0000000000001868                rt_systick
 .text.rt_stk_check
                0x00000000000018b8       0x3c ./mbed-rtos/rtx/TARGET_CORTEX_M/rt_System.o
                0x00000000000018b8                rt_stk_check
 .text.rt_svc_init
                0x00000000000018f4       0x7c ./mbed-rtos/rtx/TARGET_CORTEX_M/rt_Task.o
 .text.rt_get_TID
                0x0000000000001970       0x48 ./mbed-rtos/rtx/TARGET_CORTEX_M/rt_Task.o
                0x0000000000001970                rt_get_TID
 .text.rt_init_context
                0x00000000000019b8       0x68 ./mbed-rtos/rtx/TARGET_CORTEX_M/rt_Task.o
                0x00000000000019b8                rt_init_context
 .text.rt_switch_req
                0x0000000000001a20       0x24 ./mbed-rtos/rtx/TARGET_CORTEX_M/rt_Task.o
                0x0000000000001a20                rt_switch_req
 .text.rt_dispatch
                0x0000000000001a44       0x64 ./mbed-rtos/rtx/TARGET_CORTEX_M/rt_Task.o
                0x0000000000001a44                rt_dispatch
 .text.rt_block
                0x0000000000001aa8       0x50 ./mbed-rtos/rtx/TARGET_CORTEX_M/rt_Task.o
                0x0000000000001aa8                rt_block
 .text.rt_tsk_self
                0x0000000000001af8       0x24 ./mbed-rtos/rtx/TARGET_CORTEX_M/rt_Task.o
                0x0000000000001af8                rt_tsk_self
 .text.rt_tsk_prio
                0x0000000000001b1c       0xb8 ./mbed-rtos/rtx/TARGET_CORTEX_M/rt_Task.o
                0x0000000000001b1c                rt_tsk_prio
 .text.rt_tsk_delete
                0x0000000000001bd4       0xb8 ./mbed-rtos/rtx/TARGET_CORTEX_M/rt_Task.o
                0x0000000000001bd4                rt_tsk_delete
 .text.rt_sys_init
                0x0000000000001c8c       0xc8 ./mbed-rtos/rtx/TARGET_CORTEX_M/rt_Task.o
                0x0000000000001c8c                rt_sys_init
 .text.rt_sys_start
                0x0000000000001d54       0x4c ./mbed-rtos/rtx/TARGET_CORTEX_M/rt_Task.o
                0x0000000000001d54                rt_sys_start
 .text._ZN7MMA7660C2E7PinNameS0_b
                0x0000000000001da0       0x38 ./MMA7660/MMA7660.o
                0x0000000000001da0                MMA7660::MMA7660(PinName, PinName, bool)
                0x0000000000001da0                MMA7660::MMA7660(PinName, PinName, bool)
 .text._ZN7MMA766014testConnectionEv
                0x0000000000001dd8       0x38 ./MMA7660/MMA7660.o
                0x0000000000001dd8                MMA7660::testConnection()
 .text._ZN7MMA76609setActiveEb
                0x0000000000001e10       0x5c ./MMA7660/MMA7660.o
                0x0000000000001e10                MMA7660::setActive(bool)
 .text._ZN7MMA76601xEv
                0x0000000000001e6c       0x1c ./MMA7660/MMA7660.o
                0x0000000000001e6c                MMA7660::x()
 .text._ZN7MMA76601yEv
                0x0000000000001e88       0x1c ./MMA7660/MMA7660.o
                0x0000000000001e88                MMA7660::y()
 .text._ZN7MMA76601zEv
                0x0000000000001ea4       0x1c ./MMA7660/MMA7660.o
                0x0000000000001ea4                MMA7660::z()
 .text._ZN7MMA76605writeEcc
                0x0000000000001ec0       0x34 ./MMA7660/MMA7660.o
                0x0000000000001ec0                MMA7660::write(char, char)
 .text._ZN7MMA76604readEc
                0x0000000000001ef4       0x40 ./MMA7660/MMA7660.o
                0x0000000000001ef4                MMA7660::read(char)
 *fill*         0x0000000000001f34        0x4 
 .text._ZN7MMA76609getSingleEi
                0x0000000000001f38       0xf0 ./MMA7660/MMA7660.o
                0x0000000000001f38                MMA7660::getSingle(int)
 .text.gpio_write
                0x0000000000002028       0x48 ./C12832/C12832.o
 .text._ZN4mbed10DigitalOutC2E7PinName
                0x0000000000002070       0x44 ./C12832/C12832.o
                0x0000000000002070                mbed::DigitalOut::DigitalOut(PinName)
                0x0000000000002070                mbed::DigitalOut::DigitalOut(PinName)
 .text._ZN4mbed10DigitalOut5writeEi
                0x00000000000020b4       0x1c ./C12832/C12832.o
                0x00000000000020b4                mbed::DigitalOut::write(int)
 .text._ZN4mbed10DigitalOutaSEi
                0x00000000000020d0       0x1c ./C12832/C12832.o
                0x00000000000020d0                mbed::DigitalOut::operator=(int)
 .text._ZN4mbed3SPID2Ev
                0x00000000000020ec       0x28 ./C12832/C12832.o
                0x00000000000020ec                mbed::SPI::~SPI()
                0x00000000000020ec                mbed::SPI::~SPI()
 .text._ZN4mbed3SPID0Ev
                0x0000000000002114       0x20 ./C12832/C12832.o
                0x0000000000002114                mbed::SPI::~SPI()
 .text._ZN11TextDisplayD2Ev
                0x0000000000002134       0x3c ./C12832/C12832.o
                0x0000000000002134                TextDisplay::~TextDisplay()
                0x0000000000002134                TextDisplay::~TextDisplay()
 .text._ZN11TextDisplayD1Ev
                0x0000000000002170        0x8 ./C12832/C12832.o
                0x0000000000002170                non-virtual thunk to TextDisplay::~TextDisplay()
 .text._ZN11TextDisplayD0Ev
                0x0000000000002178       0x28 ./C12832/C12832.o
                0x0000000000002178                TextDisplay::~TextDisplay()
                0x0000000000002198                non-virtual thunk to TextDisplay::~TextDisplay()
 .text._ZN15GraphicsDisplayD2Ev
                0x00000000000021a0       0x3c ./C12832/C12832.o
                0x00000000000021a0                GraphicsDisplay::~GraphicsDisplay()
                0x00000000000021a0                GraphicsDisplay::~GraphicsDisplay()
 .text._ZN15GraphicsDisplayD1Ev
                0x00000000000021dc        0x8 ./C12832/C12832.o
                0x00000000000021dc                non-virtual thunk to GraphicsDisplay::~GraphicsDisplay()
 .text._ZN15GraphicsDisplayD0Ev
                0x00000000000021e4       0x28 ./C12832/C12832.o
                0x00000000000021e4                GraphicsDisplay::~GraphicsDisplay()
                0x0000000000002204                non-virtual thunk to GraphicsDisplay::~GraphicsDisplay()
 .text._ZN6C12832C2E7PinNameS0_S0_S0_S0_PKc
                0x000000000000220c       0x90 ./C12832/C12832.o
                0x000000000000220c                C12832::C12832(PinName, PinName, PinName, PinName, PinName, char const*)
                0x000000000000220c                C12832::C12832(PinName, PinName, PinName, PinName, PinName, char const*)
 .text._ZN6C128325widthEv
                0x000000000000229c       0x30 ./C12832/C12832.o
                0x000000000000229c                C12832::width()
 .text._ZN6C128326heightEv
                0x00000000000022cc       0x30 ./C12832/C12832.o
                0x00000000000022cc                C12832::height()
 .text._ZN6C128326wr_cmdEh
                0x00000000000022fc       0x48 ./C12832/C12832.o
                0x00000000000022fc                C12832::wr_cmd(unsigned char)
 .text._ZN6C128326wr_datEh
                0x0000000000002344       0x48 ./C12832/C12832.o
                0x0000000000002344                C12832::wr_dat(unsigned char)
 .text._ZN6C128329lcd_resetEv
                0x000000000000238c       0xfc ./C12832/C12832.o
                0x000000000000238c                C12832::lcd_reset()
 .text._ZN6C128325pixelEiii
                0x0000000000002488      0x12c ./C12832/C12832.o
                0x0000000000002488                C12832::pixel(int, int, int)
 .text._ZN6C1283211copy_to_lcdEv
                0x00000000000025b4      0x148 ./C12832/C12832.o
                0x00000000000025b4                C12832::copy_to_lcd()
 .text._ZN6C128323clsEv
                0x00000000000026fc       0x24 ./C12832/C12832.o
                0x00000000000026fc                C12832::cls()
 .text._ZN6C128326locateEii
                0x0000000000002720       0x28 ./C12832/C12832.o
                0x0000000000002720                C12832::locate(int, int)
 .text._ZN6C128327columnsEv
                0x0000000000002748       0x2c ./C12832/C12832.o
                0x0000000000002748                C12832::columns()
 .text._ZN6C128324rowsEv
                0x0000000000002774       0x2c ./C12832/C12832.o
                0x0000000000002774                C12832::rows()
 .text._ZN6C128325_putcEi
                0x00000000000027a0       0xa4 ./C12832/C12832.o
                0x00000000000027a0                C12832::_putc(int)
 .text._ZN6C128329characterEiii
                0x0000000000002844      0x190 ./C12832/C12832.o
                0x0000000000002844                C12832::character(int, int, int)
 .text._ZN6C128328set_fontEPh
                0x00000000000029d4       0x1c ./C12832/C12832.o
                0x00000000000029d4                C12832::set_font(unsigned char*)
 .text._ZN6C12832D2Ev
                0x00000000000029f0       0x44 ./C12832/C12832.o
                0x00000000000029f0                C12832::~C12832()
                0x00000000000029f0                C12832::~C12832()
 .text._ZN6C12832D1Ev
                0x0000000000002a34        0x8 ./C12832/C12832.o
                0x0000000000002a34                non-virtual thunk to C12832::~C12832()
 .text._ZN6C12832D0Ev
                0x0000000000002a3c       0x28 ./C12832/C12832.o
                0x0000000000002a3c                C12832::~C12832()
                0x0000000000002a5c                non-virtual thunk to C12832::~C12832()
 .text._ZN15GraphicsDisplayC2EPKc
                0x0000000000002a64       0x48 ./C12832/GraphicsDisplay.o
                0x0000000000002a64                GraphicsDisplay::GraphicsDisplay(char const*)
                0x0000000000002a64                GraphicsDisplay::GraphicsDisplay(char const*)
 .text._ZN15GraphicsDisplay9characterEiii
                0x0000000000002aac       0x44 ./C12832/GraphicsDisplay.o
                0x0000000000002aac                GraphicsDisplay::character(int, int, int)
 .text._ZN15GraphicsDisplay6windowEiiii
                0x0000000000002af0       0x64 ./C12832/GraphicsDisplay.o
                0x0000000000002af0                GraphicsDisplay::window(int, int, int, int)
 .text._ZN15GraphicsDisplay4putpEi
                0x0000000000002b54       0x7c ./C12832/GraphicsDisplay.o
                0x0000000000002b54                GraphicsDisplay::putp(int)
 .text._ZN15GraphicsDisplay4fillEiiiii
                0x0000000000002bd0       0x54 ./C12832/GraphicsDisplay.o
                0x0000000000002bd0                GraphicsDisplay::fill(int, int, int, int, int)
 .text._ZN15GraphicsDisplay3clsEv
                0x0000000000002c24       0x44 ./C12832/GraphicsDisplay.o
                0x0000000000002c24                GraphicsDisplay::cls()
 .text._ZN15GraphicsDisplay4blitEiiiiPKi
                0x0000000000002c68       0x5c ./C12832/GraphicsDisplay.o
                0x0000000000002c68                GraphicsDisplay::blit(int, int, int, int, int const*)
 .text._ZN15GraphicsDisplay7blitbitEiiiiPKc
                0x0000000000002cc4       0x84 ./C12832/GraphicsDisplay.o
                0x0000000000002cc4                GraphicsDisplay::blitbit(int, int, int, int, char const*)
 .text._ZN15GraphicsDisplay7columnsEv
                0x0000000000002d48       0x28 ./C12832/GraphicsDisplay.o
                0x0000000000002d48                GraphicsDisplay::columns()
 .text._ZN15GraphicsDisplay4rowsEv
                0x0000000000002d70       0x28 ./C12832/GraphicsDisplay.o
                0x0000000000002d70                GraphicsDisplay::rows()
 .text._ZN11TextDisplayC2EPKc
                0x0000000000002d98       0x74 ./C12832/TextDisplay.o
                0x0000000000002d98                TextDisplay::TextDisplay(char const*)
                0x0000000000002d98                TextDisplay::TextDisplay(char const*)
 .text._ZN11TextDisplay5_putcEi
                0x0000000000002e0c       0xdc ./C12832/TextDisplay.o
                0x0000000000002e0c                TextDisplay::_putc(int)
 .text._ZN11TextDisplay3clsEv
                0x0000000000002ee8       0x64 ./C12832/TextDisplay.o
                0x0000000000002ee8                TextDisplay::cls()
 .text._ZN11TextDisplay6locateEii
                0x0000000000002f4c       0x28 ./C12832/TextDisplay.o
                0x0000000000002f4c                TextDisplay::locate(int, int)
 .text._ZN11TextDisplay5_getcEv
                0x0000000000002f74       0x18 ./C12832/TextDisplay.o
                0x0000000000002f74                TextDisplay::_getc()
 .text._ZN11TextDisplay10foregroundEt
                0x0000000000002f8c       0x1c ./C12832/TextDisplay.o
                0x0000000000002f8c                TextDisplay::foreground(unsigned short)
 .text._ZN11TextDisplay10backgroundEt
                0x0000000000002fa8       0x1c ./C12832/TextDisplay.o
                0x0000000000002fa8                TextDisplay::background(unsigned short)
 .text._ZN11TextDisplay5claimEP7__sFILE
                0x0000000000002fc4       0x7c ./C12832/TextDisplay.o
                0x0000000000002fc4                TextDisplay::claim(__sFILE*)
 .text.main     0x0000000000003040       0x78 ./main.o
                0x0000000000003040                main
 .text._Z41__static_initialization_and_destruction_0ii
                0x00000000000030b8       0x90 ./main.o
 .text._GLOBAL__sub_I_myled
                0x0000000000003148       0x10 ./main.o
 .text.NVIC_SetVector
                0x0000000000003158       0x3c /Users/akihiro/LPCXpresso/workspace/mbed_cookie_clicker/mbed/TARGET_LPC1768/TOOLCHAIN_GCC_CR/cmsis_nvic.o
                0x0000000000003158                NVIC_SetVector
 .text.SystemInit
                0x0000000000003194       0xb8 /Users/akihiro/LPCXpresso/workspace/mbed_cookie_clicker/mbed/TARGET_LPC1768/TOOLCHAIN_GCC_CR/system_LPC17xx.o
                0x0000000000003194                SystemInit
 .text.mbed_die
                0x000000000000324c      0x10c /Users/akihiro/LPCXpresso/workspace/mbed_cookie_clicker/mbed/TARGET_LPC1768/TOOLCHAIN_GCC_CR/board.o
                0x000000000000324c                mbed_die
 .text._ZN4mbed10FileHandle4flenEv
                0x0000000000003358       0x34 /Users/akihiro/LPCXpresso/workspace/mbed_cookie_clicker/mbed/TARGET_LPC1768/TOOLCHAIN_GCC_CR/retarget.o
                0x0000000000003358                mbed::FileHandle::flen()
 .text._ZN4mbed10FileHandleD2Ev
                0x000000000000338c       0x2c /Users/akihiro/LPCXpresso/workspace/mbed_cookie_clicker/mbed/TARGET_LPC1768/TOOLCHAIN_GCC_CR/retarget.o
                0x000000000000338c                mbed::FileHandle::~FileHandle()
                0x000000000000338c                mbed::FileHandle::~FileHandle()
 .text._ZN4mbed10FileHandleD0Ev
                0x00000000000033b8       0x34 /Users/akihiro/LPCXpresso/workspace/mbed_cookie_clicker/mbed/TARGET_LPC1768/TOOLCHAIN_GCC_CR/retarget.o
                0x00000000000033b8                mbed::FileHandle::~FileHandle()
 .text._ZL11init_serialv.part.0
                0x00000000000033ec       0x18 /Users/akihiro/LPCXpresso/workspace/mbed_cookie_clicker/mbed/TARGET_LPC1768/TOOLCHAIN_GCC_CR/retarget.o
 .text._open    0x0000000000003404       0xf8 /Users/akihiro/LPCXpresso/workspace/mbed_cookie_clicker/mbed/TARGET_LPC1768/TOOLCHAIN_GCC_CR/retarget.o
                0x0000000000003404                _open
 .text._close   0x00000000000034fc       0x2c /Users/akihiro/LPCXpresso/workspace/mbed_cookie_clicker/mbed/TARGET_LPC1768/TOOLCHAIN_GCC_CR/retarget.o
                0x00000000000034fc                _close
 .text._write   0x0000000000003528       0x50 /Users/akihiro/LPCXpresso/workspace/mbed_cookie_clicker/mbed/TARGET_LPC1768/TOOLCHAIN_GCC_CR/retarget.o
                0x0000000000003528                _write
 .text._read    0x0000000000003578       0x4c /Users/akihiro/LPCXpresso/workspace/mbed_cookie_clicker/mbed/TARGET_LPC1768/TOOLCHAIN_GCC_CR/retarget.o
                0x0000000000003578                _read
 .text._isatty  0x00000000000035c4       0x28 /Users/akihiro/LPCXpresso/workspace/mbed_cookie_clicker/mbed/TARGET_LPC1768/TOOLCHAIN_GCC_CR/retarget.o
                0x00000000000035c4                _isatty
 .text._lseek   0x00000000000035ec       0x28 /Users/akihiro/LPCXpresso/workspace/mbed_cookie_clicker/mbed/TARGET_LPC1768/TOOLCHAIN_GCC_CR/retarget.o
                0x00000000000035ec                _lseek
 .text._fstat   0x0000000000003614       0x20 /Users/akihiro/LPCXpresso/workspace/mbed_cookie_clicker/mbed/TARGET_LPC1768/TOOLCHAIN_GCC_CR/retarget.o
                0x0000000000003614                _fstat
 .text.__cxa_pure_virtual
                0x0000000000003634        0x8 /Users/akihiro/LPCXpresso/workspace/mbed_cookie_clicker/mbed/TARGET_LPC1768/TOOLCHAIN_GCC_CR/retarget.o
                0x0000000000003634                __cxa_pure_virtual
 .text._ZN4mbed26mbed_set_unbuffered_streamEP7__sFILE
                0x000000000000363c        0x8 /Users/akihiro/LPCXpresso/workspace/mbed_cookie_clicker/mbed/TARGET_LPC1768/TOOLCHAIN_GCC_CR/retarget.o
                0x000000000000363c                mbed::mbed_set_unbuffered_stream(__sFILE*)
 .text.__aeabi_atexit
                0x0000000000003644        0x4 /Users/akihiro/LPCXpresso/workspace/mbed_cookie_clicker/mbed/TARGET_LPC1768/TOOLCHAIN_GCC_CR/startup_LPC17xx.o
                0x0000000000003644                __aeabi_atexit
 .text._Znaj    0x0000000000003648        0x4 /Users/akihiro/LPCXpresso/workspace/mbed_cookie_clicker/mbed/TARGET_LPC1768/TOOLCHAIN_GCC_CR/startup_LPC17xx.o
                0x0000000000003648                operator new[](unsigned int)
 .text._ZdlPv   0x000000000000364c        0x4 /Users/akihiro/LPCXpresso/workspace/mbed_cookie_clicker/mbed/TARGET_LPC1768/TOOLCHAIN_GCC_CR/startup_LPC17xx.o
                0x000000000000364c                operator delete(void*)
 .text.uart2_irq
                0x0000000000003650       0x64 /Users/akihiro/LPCXpresso/workspace/mbed_cookie_clicker/mbed/TARGET_LPC1768/TOOLCHAIN_GCC_CR/libmbed.a(serial_api.o)
                0x0000000000003650                uart2_irq
 .text.serial_irq_set_internal
                0x00000000000036b4       0xcc /Users/akihiro/LPCXpresso/workspace/mbed_cookie_clicker/mbed/TARGET_LPC1768/TOOLCHAIN_GCC_CR/libmbed.a(serial_api.o)
 .text.uart0_irq
                0x0000000000003780       0x64 /Users/akihiro/LPCXpresso/workspace/mbed_cookie_clicker/mbed/TARGET_LPC1768/TOOLCHAIN_GCC_CR/libmbed.a(serial_api.o)
                0x0000000000003780                uart0_irq
 .text.uart3_irq
                0x00000000000037e4       0x6c /Users/akihiro/LPCXpresso/workspace/mbed_cookie_clicker/mbed/TARGET_LPC1768/TOOLCHAIN_GCC_CR/libmbed.a(serial_api.o)
                0x00000000000037e4                uart3_irq
 .text.uart1_irq
                0x0000000000003850       0x64 /Users/akihiro/LPCXpresso/workspace/mbed_cookie_clicker/mbed/TARGET_LPC1768/TOOLCHAIN_GCC_CR/libmbed.a(serial_api.o)
                0x0000000000003850                uart1_irq
 .text.serial_baud
                0x00000000000038b4      0x244 /Users/akihiro/LPCXpresso/workspace/mbed_cookie_clicker/mbed/TARGET_LPC1768/TOOLCHAIN_GCC_CR/libmbed.a(serial_api.o)
                0x00000000000038b4                serial_baud
 .text.serial_format
                0x0000000000003af8       0x78 /Users/akihiro/LPCXpresso/workspace/mbed_cookie_clicker/mbed/TARGET_LPC1768/TOOLCHAIN_GCC_CR/libmbed.a(serial_api.o)
                0x0000000000003af8                serial_format
 .text.serial_getc
                0x0000000000003b70       0x38 /Users/akihiro/LPCXpresso/workspace/mbed_cookie_clicker/mbed/TARGET_LPC1768/TOOLCHAIN_GCC_CR/libmbed.a(serial_api.o)
                0x0000000000003b70                serial_getc
 .text.serial_writable
                0x0000000000003ba8       0x74 /Users/akihiro/LPCXpresso/workspace/mbed_cookie_clicker/mbed/TARGET_LPC1768/TOOLCHAIN_GCC_CR/libmbed.a(serial_api.o)
                0x0000000000003ba8                serial_writable
 .text.serial_putc
                0x0000000000003c1c       0x34 /Users/akihiro/LPCXpresso/workspace/mbed_cookie_clicker/mbed/TARGET_LPC1768/TOOLCHAIN_GCC_CR/libmbed.a(serial_api.o)
                0x0000000000003c1c                serial_putc
 .text.serial_set_flow_control
                0x0000000000003c50      0x12c /Users/akihiro/LPCXpresso/workspace/mbed_cookie_clicker/mbed/TARGET_LPC1768/TOOLCHAIN_GCC_CR/libmbed.a(serial_api.o)
                0x0000000000003c50                serial_set_flow_control
 .text.serial_init
                0x0000000000003d7c      0x1bc /Users/akihiro/LPCXpresso/workspace/mbed_cookie_clicker/mbed/TARGET_LPC1768/TOOLCHAIN_GCC_CR/libmbed.a(serial_api.o)
                0x0000000000003d7c                serial_init
 .text._ZN4mbed8FilePathC2EPKc
                0x0000000000003f38       0x58 /Users/akihiro/LPCXpresso/workspace/mbed_cookie_clicker/mbed/TARGET_LPC1768/TOOLCHAIN_GCC_CR/libmbed.a(FilePath.o)
                0x0000000000003f38                mbed::FilePath::FilePath(char const*)
                0x0000000000003f38                mbed::FilePath::FilePath(char const*)
 .text._ZN4mbed8FilePath8fileNameEv
                0x0000000000003f90        0x4 /Users/akihiro/LPCXpresso/workspace/mbed_cookie_clicker/mbed/TARGET_LPC1768/TOOLCHAIN_GCC_CR/libmbed.a(FilePath.o)
                0x0000000000003f90                mbed::FilePath::fileName()
 .text._ZN4mbed8FilePath10fileSystemEv
                0x0000000000003f94       0x18 /Users/akihiro/LPCXpresso/workspace/mbed_cookie_clicker/mbed/TARGET_LPC1768/TOOLCHAIN_GCC_CR/libmbed.a(FilePath.o)
                0x0000000000003f94                mbed::FilePath::fileSystem()
 .text._ZN4mbed8FilePath6isFileEv
                0x0000000000003fac       0x14 /Users/akihiro/LPCXpresso/workspace/mbed_cookie_clicker/mbed/TARGET_LPC1768/TOOLCHAIN_GCC_CR/libmbed.a(FilePath.o)
                0x0000000000003fac                mbed::FilePath::isFile()
 .text._ZN4mbed8FilePath4fileEv
                0x0000000000003fc0       0x1c /Users/akihiro/LPCXpresso/workspace/mbed_cookie_clicker/mbed/TARGET_LPC1768/TOOLCHAIN_GCC_CR/libmbed.a(FilePath.o)
                0x0000000000003fc0                mbed::FilePath::file()
 .text._ZN4mbed8FilePath6existsEv
                0x0000000000003fdc        0xc /Users/akihiro/LPCXpresso/workspace/mbed_cookie_clicker/mbed/TARGET_LPC1768/TOOLCHAIN_GCC_CR/libmbed.a(FilePath.o)
                0x0000000000003fdc                mbed::FilePath::exists()
 .text._ZN4mbed3I2CC2E7PinNameS1_
                0x0000000000003fe8       0x20 /Users/akihiro/LPCXpresso/workspace/mbed_cookie_clicker/mbed/TARGET_LPC1768/TOOLCHAIN_GCC_CR/libmbed.a(I2C.o)
                0x0000000000003fe8                mbed::I2C::I2C(PinName, PinName)
                0x0000000000003fe8                mbed::I2C::I2C(PinName, PinName)
 .text._ZN4mbed3I2C6aquireEv
                0x0000000000004008       0x1c /Users/akihiro/LPCXpresso/workspace/mbed_cookie_clicker/mbed/TARGET_LPC1768/TOOLCHAIN_GCC_CR/libmbed.a(I2C.o)
                0x0000000000004008                mbed::I2C::aquire()
 .text._ZN4mbed3I2C5writeEiPKcib
                0x0000000000004024       0x34 /Users/akihiro/LPCXpresso/workspace/mbed_cookie_clicker/mbed/TARGET_LPC1768/TOOLCHAIN_GCC_CR/libmbed.a(I2C.o)
                0x0000000000004024                mbed::I2C::write(int, char const*, int, bool)
 .text._ZN4mbed3I2C4readEiPcib
                0x0000000000004058       0x34 /Users/akihiro/LPCXpresso/workspace/mbed_cookie_clicker/mbed/TARGET_LPC1768/TOOLCHAIN_GCC_CR/libmbed.a(I2C.o)
                0x0000000000004058                mbed::I2C::read(int, char*, int, bool)
 .text._ZN4mbed3SPIC2E7PinNameS1_S1_S1_
                0x000000000000408c       0x50 /Users/akihiro/LPCXpresso/workspace/mbed_cookie_clicker/mbed/TARGET_LPC1768/TOOLCHAIN_GCC_CR/libmbed.a(SPI.o)
                0x000000000000408c                mbed::SPI::SPI(PinName, PinName, PinName, PinName)
                0x000000000000408c                mbed::SPI::SPI(PinName, PinName, PinName, PinName)
 .text._ZN4mbed3SPI6aquireEv
                0x00000000000040dc       0x2c /Users/akihiro/LPCXpresso/workspace/mbed_cookie_clicker/mbed/TARGET_LPC1768/TOOLCHAIN_GCC_CR/libmbed.a(SPI.o)
                0x00000000000040dc                mbed::SPI::aquire()
 .text._ZN4mbed3SPI6formatEii
                0x0000000000004108       0x18 /Users/akihiro/LPCXpresso/workspace/mbed_cookie_clicker/mbed/TARGET_LPC1768/TOOLCHAIN_GCC_CR/libmbed.a(SPI.o)
                0x0000000000004108                mbed::SPI::format(int, int)
 .text._ZN4mbed3SPI9frequencyEi
                0x0000000000004120       0x10 /Users/akihiro/LPCXpresso/workspace/mbed_cookie_clicker/mbed/TARGET_LPC1768/TOOLCHAIN_GCC_CR/libmbed.a(SPI.o)
                0x0000000000004120                mbed::SPI::frequency(int)
 .text._ZN4mbed3SPI5writeEi
                0x0000000000004130       0x18 /Users/akihiro/LPCXpresso/workspace/mbed_cookie_clicker/mbed/TARGET_LPC1768/TOOLCHAIN_GCC_CR/libmbed.a(SPI.o)
                0x0000000000004130                mbed::SPI::write(int)
 .text._ZN4mbed6Stream5closeEv
                0x0000000000004148        0x4 /Users/akihiro/LPCXpresso/workspace/mbed_cookie_clicker/mbed/TARGET_LPC1768/TOOLCHAIN_GCC_CR/libmbed.a(Stream.o)
                0x0000000000004148                mbed::Stream::close()
 .text._ZN4mbed6Stream5writeEPKvj
                0x000000000000414c       0x30 /Users/akihiro/LPCXpresso/workspace/mbed_cookie_clicker/mbed/TARGET_LPC1768/TOOLCHAIN_GCC_CR/libmbed.a(Stream.o)
                0x000000000000414c                mbed::Stream::write(void const*, unsigned int)
 .text._ZN4mbed6Stream4readEPvj
                0x000000000000417c       0x30 /Users/akihiro/LPCXpresso/workspace/mbed_cookie_clicker/mbed/TARGET_LPC1768/TOOLCHAIN_GCC_CR/libmbed.a(Stream.o)
                0x000000000000417c                mbed::Stream::read(void*, unsigned int)
 .text._ZN4mbed6Stream5lseekEli
                0x00000000000041ac        0x4 /Users/akihiro/LPCXpresso/workspace/mbed_cookie_clicker/mbed/TARGET_LPC1768/TOOLCHAIN_GCC_CR/libmbed.a(Stream.o)
                0x00000000000041ac                mbed::Stream::lseek(long, int)
 .text._ZN4mbed6Stream6isattyEv
                0x00000000000041b0        0x4 /Users/akihiro/LPCXpresso/workspace/mbed_cookie_clicker/mbed/TARGET_LPC1768/TOOLCHAIN_GCC_CR/libmbed.a(Stream.o)
                0x00000000000041b0                mbed::Stream::isatty()
 .text._ZN4mbed6Stream5fsyncEv
                0x00000000000041b4        0x4 /Users/akihiro/LPCXpresso/workspace/mbed_cookie_clicker/mbed/TARGET_LPC1768/TOOLCHAIN_GCC_CR/libmbed.a(Stream.o)
                0x00000000000041b4                mbed::Stream::fsync()
 .text._ZN4mbed6Stream4flenEv
                0x00000000000041b8        0x4 /Users/akihiro/LPCXpresso/workspace/mbed_cookie_clicker/mbed/TARGET_LPC1768/TOOLCHAIN_GCC_CR/libmbed.a(Stream.o)
                0x00000000000041b8                mbed::Stream::flen()
 .text._ZN4mbed6StreamD2Ev
                0x00000000000041bc       0x24 /Users/akihiro/LPCXpresso/workspace/mbed_cookie_clicker/mbed/TARGET_LPC1768/TOOLCHAIN_GCC_CR/libmbed.a(Stream.o)
                0x00000000000041bc                mbed::Stream::~Stream()
                0x00000000000041bc                mbed::Stream::~Stream()
 .text._ZThn4_N4mbed6StreamD1Ev
                0x00000000000041e0        0x8 /Users/akihiro/LPCXpresso/workspace/mbed_cookie_clicker/mbed/TARGET_LPC1768/TOOLCHAIN_GCC_CR/libmbed.a(Stream.o)
                0x00000000000041e0                non-virtual thunk to mbed::Stream::~Stream()
 .text._ZN4mbed6StreamD0Ev
                0x00000000000041e8       0x14 /Users/akihiro/LPCXpresso/workspace/mbed_cookie_clicker/mbed/TARGET_LPC1768/TOOLCHAIN_GCC_CR/libmbed.a(Stream.o)
                0x00000000000041e8                mbed::Stream::~Stream()
 .text._ZThn4_N4mbed6StreamD0Ev
                0x00000000000041fc        0x8 /Users/akihiro/LPCXpresso/workspace/mbed_cookie_clicker/mbed/TARGET_LPC1768/TOOLCHAIN_GCC_CR/libmbed.a(Stream.o)
                0x00000000000041fc                non-virtual thunk to mbed::Stream::~Stream()
 .text._ZN4mbed6StreamC2EPKc
                0x0000000000004204       0x44 /Users/akihiro/LPCXpresso/workspace/mbed_cookie_clicker/mbed/TARGET_LPC1768/TOOLCHAIN_GCC_CR/libmbed.a(Stream.o)
                0x0000000000004204                mbed::Stream::Stream(char const*)
                0x0000000000004204                mbed::Stream::Stream(char const*)
 .text._ZN4mbed6Stream4putcEi
                0x0000000000004248       0x18 /Users/akihiro/LPCXpresso/workspace/mbed_cookie_clicker/mbed/TARGET_LPC1768/TOOLCHAIN_GCC_CR/libmbed.a(Stream.o)
                0x0000000000004248                mbed::Stream::putc(int)
 .text.mbed_assert_internal
                0x0000000000004260       0x2c /Users/akihiro/LPCXpresso/workspace/mbed_cookie_clicker/mbed/TARGET_LPC1768/TOOLCHAIN_GCC_CR/libmbed.a(assert.o)
                0x0000000000004260                mbed_assert_internal
 .text.error    0x000000000000428c       0x24 /Users/akihiro/LPCXpresso/workspace/mbed_cookie_clicker/mbed/TARGET_LPC1768/TOOLCHAIN_GCC_CR/libmbed.a(error.o)
                0x000000000000428c                error
 .text.exit     0x00000000000042b0       0x30 /Users/akihiro/LPCXpresso/workspace/mbed_cookie_clicker/mbed/TARGET_LPC1768/TOOLCHAIN_GCC_CR/libmbed.a(exit.o)
                0x00000000000042b0                exit
 .text.gpio_init_in
                0x00000000000042e0       0x24 /Users/akihiro/LPCXpresso/workspace/mbed_cookie_clicker/mbed/TARGET_LPC1768/TOOLCHAIN_GCC_CR/libmbed.a(gpio.o)
                0x00000000000042e0                gpio_init_in
 .text.gpio_init_out
                0x0000000000004304       0x44 /Users/akihiro/LPCXpresso/workspace/mbed_cookie_clicker/mbed/TARGET_LPC1768/TOOLCHAIN_GCC_CR/libmbed.a(gpio.o)
                0x0000000000004304                gpio_init_out
 .text.gpio_init_out_ex
                0x0000000000004348       0x54 /Users/akihiro/LPCXpresso/workspace/mbed_cookie_clicker/mbed/TARGET_LPC1768/TOOLCHAIN_GCC_CR/libmbed.a(gpio.o)
                0x0000000000004348                gpio_init_out_ex
 .text.mbed_interface_connected
                0x000000000000439c        0x4 /Users/akihiro/LPCXpresso/workspace/mbed_cookie_clicker/mbed/TARGET_LPC1768/TOOLCHAIN_GCC_CR/libmbed.a(mbed_interface.o)
                0x000000000000439c                mbed_interface_connected
 .text.pinmap_pinout
                0x00000000000043a0       0x40 /Users/akihiro/LPCXpresso/workspace/mbed_cookie_clicker/mbed/TARGET_LPC1768/TOOLCHAIN_GCC_CR/libmbed.a(pinmap_common.o)
                0x00000000000043a0                pinmap_pinout
 .text.pinmap_merge
                0x00000000000043e0       0x24 /Users/akihiro/LPCXpresso/workspace/mbed_cookie_clicker/mbed/TARGET_LPC1768/TOOLCHAIN_GCC_CR/libmbed.a(pinmap_common.o)
                0x00000000000043e0                pinmap_merge
 .text.pinmap_find_peripheral
                0x0000000000004404       0x1c /Users/akihiro/LPCXpresso/workspace/mbed_cookie_clicker/mbed/TARGET_LPC1768/TOOLCHAIN_GCC_CR/libmbed.a(pinmap_common.o)
                0x0000000000004404                pinmap_find_peripheral
 .text.pinmap_peripheral
                0x0000000000004420       0x34 /Users/akihiro/LPCXpresso/workspace/mbed_cookie_clicker/mbed/TARGET_LPC1768/TOOLCHAIN_GCC_CR/libmbed.a(pinmap_common.o)
                0x0000000000004420                pinmap_peripheral
 .text.semihost_exit
                0x0000000000004454       0x18 /Users/akihiro/LPCXpresso/workspace/mbed_cookie_clicker/mbed/TARGET_LPC1768/TOOLCHAIN_GCC_CR/libmbed.a(semihost_api.o)
                0x0000000000004454                semihost_exit
 .text.semihost_connected
                0x000000000000446c       0x10 /Users/akihiro/LPCXpresso/workspace/mbed_cookie_clicker/mbed/TARGET_LPC1768/TOOLCHAIN_GCC_CR/libmbed.a(semihost_api.o)
                0x000000000000446c                semihost_connected
 .text.wait_us  0x000000000000447c       0x18 /Users/akihiro/LPCXpresso/workspace/mbed_cookie_clicker/mbed/TARGET_LPC1768/TOOLCHAIN_GCC_CR/libmbed.a(wait_api.o)
                0x000000000000447c                wait_us
 .text.wait     0x0000000000004494       0x18 /Users/akihiro/LPCXpresso/workspace/mbed_cookie_clicker/mbed/TARGET_LPC1768/TOOLCHAIN_GCC_CR/libmbed.a(wait_api.o)
                0x0000000000004494                wait
 .text.wait_ms  0x00000000000044ac        0xc /Users/akihiro/LPCXpresso/workspace/mbed_cookie_clicker/mbed/TARGET_LPC1768/TOOLCHAIN_GCC_CR/libmbed.a(wait_api.o)
                0x00000000000044ac                wait_ms
 .text.gpio_set
                0x00000000000044b8       0x30 /Users/akihiro/LPCXpresso/workspace/mbed_cookie_clicker/mbed/TARGET_LPC1768/TOOLCHAIN_GCC_CR/libmbed.a(gpio_api.o)
                0x00000000000044b8                gpio_set
 .text.gpio_init
                0x00000000000044e8       0x30 /Users/akihiro/LPCXpresso/workspace/mbed_cookie_clicker/mbed/TARGET_LPC1768/TOOLCHAIN_GCC_CR/libmbed.a(gpio_api.o)
                0x00000000000044e8                gpio_init
 .text.gpio_mode
                0x0000000000004518        0x8 /Users/akihiro/LPCXpresso/workspace/mbed_cookie_clicker/mbed/TARGET_LPC1768/TOOLCHAIN_GCC_CR/libmbed.a(gpio_api.o)
                0x0000000000004518                gpio_mode
 .text.gpio_dir
                0x0000000000004520       0x44 /Users/akihiro/LPCXpresso/workspace/mbed_cookie_clicker/mbed/TARGET_LPC1768/TOOLCHAIN_GCC_CR/libmbed.a(gpio_api.o)
                0x0000000000004520                gpio_dir
 .text.pin_function
                0x0000000000004564       0x50 /Users/akihiro/LPCXpresso/workspace/mbed_cookie_clicker/mbed/TARGET_LPC1768/TOOLCHAIN_GCC_CR/libmbed.a(pinmap.o)
                0x0000000000004564                pin_function
 .text.pin_mode
                0x00000000000045b4       0x78 /Users/akihiro/LPCXpresso/workspace/mbed_cookie_clicker/mbed/TARGET_LPC1768/TOOLCHAIN_GCC_CR/libmbed.a(pinmap.o)
                0x00000000000045b4                pin_mode
 .text.i2c_init
                0x000000000000462c       0xd0 /Users/akihiro/LPCXpresso/workspace/mbed_cookie_clicker/mbed/TARGET_LPC1768/TOOLCHAIN_GCC_CR/libmbed.a(i2c_api.o)
                0x000000000000462c                i2c_init
 .text.i2c_frequency
                0x00000000000046fc       0x18 /Users/akihiro/LPCXpresso/workspace/mbed_cookie_clicker/mbed/TARGET_LPC1768/TOOLCHAIN_GCC_CR/libmbed.a(i2c_api.o)
                0x00000000000046fc                i2c_frequency
 .text.i2c_read
                0x0000000000004714      0x158 /Users/akihiro/LPCXpresso/workspace/mbed_cookie_clicker/mbed/TARGET_LPC1768/TOOLCHAIN_GCC_CR/libmbed.a(i2c_api.o)
                0x0000000000004714                i2c_read
 .text.i2c_write
                0x000000000000486c       0xe4 /Users/akihiro/LPCXpresso/workspace/mbed_cookie_clicker/mbed/TARGET_LPC1768/TOOLCHAIN_GCC_CR/libmbed.a(i2c_api.o)
                0x000000000000486c                i2c_write
 .text.spi_format
                0x0000000000004950       0x70 /Users/akihiro/LPCXpresso/workspace/mbed_cookie_clicker/mbed/TARGET_LPC1768/TOOLCHAIN_GCC_CR/libmbed.a(spi_api.o)
                0x0000000000004950                spi_format
 .text.spi_frequency
                0x00000000000049c0       0xd0 /Users/akihiro/LPCXpresso/workspace/mbed_cookie_clicker/mbed/TARGET_LPC1768/TOOLCHAIN_GCC_CR/libmbed.a(spi_api.o)
                0x00000000000049c0                spi_frequency
 .text.spi_init
                0x0000000000004a90      0x144 /Users/akihiro/LPCXpresso/workspace/mbed_cookie_clicker/mbed/TARGET_LPC1768/TOOLCHAIN_GCC_CR/libmbed.a(spi_api.o)
                0x0000000000004a90                spi_init
 .text.spi_master_write
                0x0000000000004bd4       0x14 /Users/akihiro/LPCXpresso/workspace/mbed_cookie_clicker/mbed/TARGET_LPC1768/TOOLCHAIN_GCC_CR/libmbed.a(spi_api.o)
                0x0000000000004bd4                spi_master_write
 .text.us_ticker_init
                0x0000000000004be8       0x68 /Users/akihiro/LPCXpresso/workspace/mbed_cookie_clicker/mbed/TARGET_LPC1768/TOOLCHAIN_GCC_CR/libmbed.a(us_ticker.o)
                0x0000000000004be8                us_ticker_init
 .text.us_ticker_read
                0x0000000000004c50       0x1c /Users/akihiro/LPCXpresso/workspace/mbed_cookie_clicker/mbed/TARGET_LPC1768/TOOLCHAIN_GCC_CR/libmbed.a(us_ticker.o)
                0x0000000000004c50                us_ticker_read
 .text.us_ticker_set_interrupt
                0x0000000000004c6c       0x14 /Users/akihiro/LPCXpresso/workspace/mbed_cookie_clicker/mbed/TARGET_LPC1768/TOOLCHAIN_GCC_CR/libmbed.a(us_ticker.o)
                0x0000000000004c6c                us_ticker_set_interrupt
 .text.us_ticker_disable_interrupt
                0x0000000000004c80       0x10 /Users/akihiro/LPCXpresso/workspace/mbed_cookie_clicker/mbed/TARGET_LPC1768/TOOLCHAIN_GCC_CR/libmbed.a(us_ticker.o)
                0x0000000000004c80                us_ticker_disable_interrupt
 .text.us_ticker_clear_interrupt
                0x0000000000004c90        0xc /Users/akihiro/LPCXpresso/workspace/mbed_cookie_clicker/mbed/TARGET_LPC1768/TOOLCHAIN_GCC_CR/libmbed.a(us_ticker.o)
                0x0000000000004c90                us_ticker_clear_interrupt
 .text._ZN4mbed8FileBaseD2Ev
                0x0000000000004c9c       0x30 /Users/akihiro/LPCXpresso/workspace/mbed_cookie_clicker/mbed/TARGET_LPC1768/TOOLCHAIN_GCC_CR/libmbed.a(FileBase.o)
                0x0000000000004c9c                mbed::FileBase::~FileBase()
                0x0000000000004c9c                mbed::FileBase::~FileBase()
 .text._ZN4mbed8FileBaseD0Ev
                0x0000000000004ccc       0x3c /Users/akihiro/LPCXpresso/workspace/mbed_cookie_clicker/mbed/TARGET_LPC1768/TOOLCHAIN_GCC_CR/libmbed.a(FileBase.o)
                0x0000000000004ccc                mbed::FileBase::~FileBase()
 .text._ZN4mbed8FileBaseC2EPKcNS_8PathTypeE
                0x0000000000004d08       0x28 /Users/akihiro/LPCXpresso/workspace/mbed_cookie_clicker/mbed/TARGET_LPC1768/TOOLCHAIN_GCC_CR/libmbed.a(FileBase.o)
                0x0000000000004d08                mbed::FileBase::FileBase(char const*, mbed::PathType)
                0x0000000000004d08                mbed::FileBase::FileBase(char const*, mbed::PathType)
 .text._ZN4mbed8FileBase6lookupEPKcj
                0x0000000000004d30       0x3c /Users/akihiro/LPCXpresso/workspace/mbed_cookie_clicker/mbed/TARGET_LPC1768/TOOLCHAIN_GCC_CR/libmbed.a(FileBase.o)
                0x0000000000004d30                mbed::FileBase::lookup(char const*, unsigned int)
 .text._ZN4mbed8FileBase11getPathTypeEv
                0x0000000000004d6c        0x4 /Users/akihiro/LPCXpresso/workspace/mbed_cookie_clicker/mbed/TARGET_LPC1768/TOOLCHAIN_GCC_CR/libmbed.a(FileBase.o)
                0x0000000000004d6c                mbed::FileBase::getPathType()
 .text._ZN4mbed8FileLikeD2Ev
                0x0000000000004d70       0x24 /Users/akihiro/LPCXpresso/workspace/mbed_cookie_clicker/mbed/TARGET_LPC1768/TOOLCHAIN_GCC_CR/libmbed.a(FileLike.o)
                0x0000000000004d70                mbed::FileLike::~FileLike()
                0x0000000000004d70                mbed::FileLike::~FileLike()
 .text._ZThn4_N4mbed8FileLikeD1Ev
                0x0000000000004d94        0x8 /Users/akihiro/LPCXpresso/workspace/mbed_cookie_clicker/mbed/TARGET_LPC1768/TOOLCHAIN_GCC_CR/libmbed.a(FileLike.o)
                0x0000000000004d94                non-virtual thunk to mbed::FileLike::~FileLike()
 .text._ZN4mbed8FileLikeD0Ev
                0x0000000000004d9c       0x2c /Users/akihiro/LPCXpresso/workspace/mbed_cookie_clicker/mbed/TARGET_LPC1768/TOOLCHAIN_GCC_CR/libmbed.a(FileLike.o)
                0x0000000000004d9c                mbed::FileLike::~FileLike()
 .text._ZThn4_N4mbed8FileLikeD0Ev
                0x0000000000004dc8        0x8 /Users/akihiro/LPCXpresso/workspace/mbed_cookie_clicker/mbed/TARGET_LPC1768/TOOLCHAIN_GCC_CR/libmbed.a(FileLike.o)
                0x0000000000004dc8                non-virtual thunk to mbed::FileLike::~FileLike()
 .text._ZN4mbed8FileLikeC2EPKc
                0x0000000000004dd0       0x28 /Users/akihiro/LPCXpresso/workspace/mbed_cookie_clicker/mbed/TARGET_LPC1768/TOOLCHAIN_GCC_CR/libmbed.a(FileLike.o)
                0x0000000000004dd0                mbed::FileLike::FileLike(char const*)
                0x0000000000004dd0                mbed::FileLike::FileLike(char const*)
 .text.us_ticker_irq_handler
                0x0000000000004df8       0x48 /Users/akihiro/LPCXpresso/workspace/mbed_cookie_clicker/mbed/TARGET_LPC1768/TOOLCHAIN_GCC_CR/libmbed.a(us_ticker_api.o)
                0x0000000000004df8                us_ticker_irq_handler
 .text          0x0000000000004e40      0x370 /Applications/lpcxpresso_7.5.0_254/lpcxpresso/tools/bin/../lib/gcc/arm-none-eabi/4.8.4/armv7-m/libgcc.a(_arm_addsubdf3.o)
                0x0000000000004e40                __aeabi_drsub
                0x0000000000004e48                __subdf3
                0x0000000000004e48                __aeabi_dsub
                0x0000000000004e4c                __aeabi_dadd
                0x0000000000004e4c                __adddf3
                0x00000000000050c4                __aeabi_ui2d
                0x00000000000050c4                __floatunsidf
                0x00000000000050e4                __floatsidf
                0x00000000000050e4                __aeabi_i2d
                0x0000000000005108                __extendsfdf2
                0x0000000000005108                __aeabi_f2d
                0x0000000000005144                __aeabi_ul2d
                0x0000000000005144                __floatundidf
                0x0000000000005154                __aeabi_l2d
                0x0000000000005154                __floatdidf
 .text          0x00000000000051b0      0x424 /Applications/lpcxpresso_7.5.0_254/lpcxpresso/tools/bin/../lib/gcc/arm-none-eabi/4.8.4/armv7-m/libgcc.a(_arm_muldivdf3.o)
                0x00000000000051b0                __aeabi_dmul
                0x00000000000051b0                __muldf3
                0x0000000000005404                __aeabi_ddiv
                0x0000000000005404                __divdf3
 .text          0x00000000000055d4       0x50 /Applications/lpcxpresso_7.5.0_254/lpcxpresso/tools/bin/../lib/gcc/arm-none-eabi/4.8.4/armv7-m/libgcc.a(_arm_fixdfsi.o)
                0x00000000000055d4                __fixdfsi
                0x00000000000055d4                __aeabi_d2iz
 .text          0x0000000000005624       0xa0 /Applications/lpcxpresso_7.5.0_254/lpcxpresso/tools/bin/../lib/gcc/arm-none-eabi/4.8.4/armv7-m/libgcc.a(_arm_truncdfsf2.o)
                0x0000000000005624                __aeabi_d2f
                0x0000000000005624                __truncdfsf2
 .text          0x00000000000056c4      0x21c /Applications/lpcxpresso_7.5.0_254/lpcxpresso/tools/bin/../lib/gcc/arm-none-eabi/4.8.4/armv7-m/libgcc.a(_arm_addsubsf3.o)
                0x00000000000056c4                __aeabi_frsub
                0x00000000000056cc                __aeabi_fsub
                0x00000000000056cc                __subsf3
                0x00000000000056d0                __aeabi_fadd
                0x00000000000056d0                __addsf3
                0x0000000000005830                __aeabi_ui2f
                0x0000000000005830                __floatunsisf
                0x0000000000005838                __floatsisf
                0x0000000000005838                __aeabi_i2f
                0x0000000000005854                __aeabi_ul2f
                0x0000000000005854                __floatundisf
                0x0000000000005864                __aeabi_l2f
                0x0000000000005864                __floatdisf
 .text          0x00000000000058e0      0x2a0 /Applications/lpcxpresso_7.5.0_254/lpcxpresso/tools/bin/../lib/gcc/arm-none-eabi/4.8.4/armv7-m/libgcc.a(_arm_muldivsf3.o)
                0x00000000000058e0                __mulsf3
                0x00000000000058e0                __aeabi_fmul
                0x0000000000005a48                __divsf3
                0x0000000000005a48                __aeabi_fdiv
 .text          0x0000000000005b80       0x4c /Applications/lpcxpresso_7.5.0_254/lpcxpresso/tools/bin/../lib/gcc/arm-none-eabi/4.8.4/armv7-m/libgcc.a(_arm_fixsfsi.o)
                0x0000000000005b80                __fixsfsi
                0x0000000000005b80                __aeabi_f2iz
 .text          0x0000000000005bcc       0x2c /Applications/lpcxpresso_7.5.0_254/lpcxpresso/tools/bin/../lib/gcc/arm-none-eabi/4.8.4/armv7-m/libgcc.a(_aeabi_uldivmod.o)
                0x0000000000005bcc                __aeabi_uldivmod
 .text          0x0000000000005bf8       0x60 /Applications/lpcxpresso_7.5.0_254/lpcxpresso/tools/bin/../lib/gcc/arm-none-eabi/4.8.4/armv7-m/libgcc.a(bpabi.o)
                0x0000000000005bf8                __gnu_ldivmod_helper
                0x0000000000005c28                __gnu_uldivmod_helper
 .text          0x0000000000005c58        0x4 /Applications/lpcxpresso_7.5.0_254/lpcxpresso/tools/bin/../lib/gcc/arm-none-eabi/4.8.4/armv7-m/libgcc.a(_dvmd_tls.o)
                0x0000000000005c58                __aeabi_ldiv0
                0x0000000000005c58                __aeabi_idiv0
 .text          0x0000000000005c5c      0x2a0 /Applications/lpcxpresso_7.5.0_254/lpcxpresso/tools/bin/../lib/gcc/arm-none-eabi/4.8.4/armv7-m/libgcc.a(_divdi3.o)
                0x0000000000005c5c                __divdi3
 .text          0x0000000000005efc      0x290 /Applications/lpcxpresso_7.5.0_254/lpcxpresso/tools/bin/../lib/gcc/arm-none-eabi/4.8.4/armv7-m/libgcc.a(_udivdi3.o)
                0x0000000000005efc                __udivdi3
 .text.abs      0x000000000000618c        0x8 /Applications/lpcxpresso_7.5.0_254/lpcxpresso/tools/bin/../lib/gcc/arm-none-eabi/4.8.4/../../../../arm-none-eabi/lib/armv7-m/libc.a(lib_a-abs.o)
                0x000000000000618c                abs
 .text.atexit   0x0000000000006194        0xc /Applications/lpcxpresso_7.5.0_254/lpcxpresso/tools/bin/../lib/gcc/arm-none-eabi/4.8.4/../../../../arm-none-eabi/lib/armv7-m/libc.a(lib_a-atexit.o)
                0x0000000000006194                atexit
 .text.__errno  0x00000000000061a0        0xc /Applications/lpcxpresso_7.5.0_254/lpcxpresso/tools/bin/../lib/gcc/arm-none-eabi/4.8.4/../../../../arm-none-eabi/lib/armv7-m/libc.a(lib_a-errno.o)
                0x00000000000061a0                __errno
 .text._fclose_r
                0x00000000000061ac       0x80 /Applications/lpcxpresso_7.5.0_254/lpcxpresso/tools/bin/../lib/gcc/arm-none-eabi/4.8.4/../../../../arm-none-eabi/lib/armv7-m/libc.a(lib_a-fclose.o)
                0x00000000000061ac                _fclose_r
 .text.fclose   0x000000000000622c       0x10 /Applications/lpcxpresso_7.5.0_254/lpcxpresso/tools/bin/../lib/gcc/arm-none-eabi/4.8.4/../../../../arm-none-eabi/lib/armv7-m/libc.a(lib_a-fclose.o)
                0x000000000000622c                fclose
 .text.__sflush_r
                0x000000000000623c      0x148 /Applications/lpcxpresso_7.5.0_254/lpcxpresso/tools/bin/../lib/gcc/arm-none-eabi/4.8.4/../../../../arm-none-eabi/lib/armv7-m/libc.a(lib_a-fflush.o)
                0x000000000000623c                __sflush_r
 .text._fflush_r
                0x0000000000006384       0x2c /Applications/lpcxpresso_7.5.0_254/lpcxpresso/tools/bin/../lib/gcc/arm-none-eabi/4.8.4/../../../../arm-none-eabi/lib/armv7-m/libc.a(lib_a-fflush.o)
                0x0000000000006384                _fflush_r
 .text.fflush   0x00000000000063b0       0x24 /Applications/lpcxpresso_7.5.0_254/lpcxpresso/tools/bin/../lib/gcc/arm-none-eabi/4.8.4/../../../../arm-none-eabi/lib/armv7-m/libc.a(lib_a-fflush.o)
                0x00000000000063b0                fflush
 .text._cleanup_r
                0x00000000000063d4        0xc /Applications/lpcxpresso_7.5.0_254/lpcxpresso/tools/bin/../lib/gcc/arm-none-eabi/4.8.4/../../../../arm-none-eabi/lib/armv7-m/libc.a(lib_a-findfp.o)
                0x00000000000063d4                _cleanup_r
 .text.__sfmoreglue
                0x00000000000063e0       0x30 /Applications/lpcxpresso_7.5.0_254/lpcxpresso/tools/bin/../lib/gcc/arm-none-eabi/4.8.4/../../../../arm-none-eabi/lib/armv7-m/libc.a(lib_a-findfp.o)
                0x00000000000063e0                __sfmoreglue
 .text.__sinit  0x0000000000006410       0xf4 /Applications/lpcxpresso_7.5.0_254/lpcxpresso/tools/bin/../lib/gcc/arm-none-eabi/4.8.4/../../../../arm-none-eabi/lib/armv7-m/libc.a(lib_a-findfp.o)
                0x0000000000006410                __sinit
 .text.__sfp    0x0000000000006504       0x8c /Applications/lpcxpresso_7.5.0_254/lpcxpresso/tools/bin/../lib/gcc/arm-none-eabi/4.8.4/../../../../arm-none-eabi/lib/armv7-m/libc.a(lib_a-findfp.o)
                0x0000000000006504                __sfp
 .text.__sfp_lock_acquire
                0x0000000000006590        0x4 /Applications/lpcxpresso_7.5.0_254/lpcxpresso/tools/bin/../lib/gcc/arm-none-eabi/4.8.4/../../../../arm-none-eabi/lib/armv7-m/libc.a(lib_a-findfp.o)
                0x0000000000006590                __sfp_lock_acquire
 .text.__sfp_lock_release
                0x0000000000006594        0x4 /Applications/lpcxpresso_7.5.0_254/lpcxpresso/tools/bin/../lib/gcc/arm-none-eabi/4.8.4/../../../../arm-none-eabi/lib/armv7-m/libc.a(lib_a-findfp.o)
                0x0000000000006594                __sfp_lock_release
 .text.__libc_fini_array
                0x0000000000006598       0x30 /Applications/lpcxpresso_7.5.0_254/lpcxpresso/tools/bin/../lib/gcc/arm-none-eabi/4.8.4/../../../../arm-none-eabi/lib/armv7-m/libc.a(lib_a-fini.o)
                0x0000000000006598                __libc_fini_array
 .text._fopen_r
                0x00000000000065c8       0x88 /Applications/lpcxpresso_7.5.0_254/lpcxpresso/tools/bin/../lib/gcc/arm-none-eabi/4.8.4/../../../../arm-none-eabi/lib/armv7-m/libc.a(lib_a-fopen.o)
                0x00000000000065c8                _fopen_r
 .text.fopen    0x0000000000006650       0x10 /Applications/lpcxpresso_7.5.0_254/lpcxpresso/tools/bin/../lib/gcc/arm-none-eabi/4.8.4/../../../../arm-none-eabi/lib/armv7-m/libc.a(lib_a-fopen.o)
                0x0000000000006650                fopen
 .text.fprintf  0x0000000000006660       0x28 /Applications/lpcxpresso_7.5.0_254/lpcxpresso/tools/bin/../lib/gcc/arm-none-eabi/4.8.4/../../../../arm-none-eabi/lib/armv7-m/libc.a(lib_a-fprintf.o)
                0x0000000000006660                fprintf
 .text.fputc    0x0000000000006688       0x28 /Applications/lpcxpresso_7.5.0_254/lpcxpresso/tools/bin/../lib/gcc/arm-none-eabi/4.8.4/../../../../arm-none-eabi/lib/armv7-m/libc.a(lib_a-fputc.o)
                0x0000000000006688                fputc
 .text._malloc_trim_r
                0x00000000000066b0       0x9c /Applications/lpcxpresso_7.5.0_254/lpcxpresso/tools/bin/../lib/gcc/arm-none-eabi/4.8.4/../../../../arm-none-eabi/lib/armv7-m/libc.a(lib_a-freer.o)
                0x00000000000066b0                _malloc_trim_r
 .text._free_r  0x000000000000674c      0x198 /Applications/lpcxpresso_7.5.0_254/lpcxpresso/tools/bin/../lib/gcc/arm-none-eabi/4.8.4/../../../../arm-none-eabi/lib/armv7-m/libc.a(lib_a-freer.o)
                0x000000000000674c                _free_r
 .text._freopen_r
                0x00000000000068e4      0x13c /Applications/lpcxpresso_7.5.0_254/lpcxpresso/tools/bin/../lib/gcc/arm-none-eabi/4.8.4/../../../../arm-none-eabi/lib/armv7-m/libc.a(lib_a-freopen.o)
                0x00000000000068e4                _freopen_r
 .text.freopen  0x0000000000006a20       0x18 /Applications/lpcxpresso_7.5.0_254/lpcxpresso/tools/bin/../lib/gcc/arm-none-eabi/4.8.4/../../../../arm-none-eabi/lib/armv7-m/libc.a(lib_a-freopen.o)
                0x0000000000006a20                freopen
 .text._fseek_r
                0x0000000000006a38        0x4 /Applications/lpcxpresso_7.5.0_254/lpcxpresso/tools/bin/../lib/gcc/arm-none-eabi/4.8.4/../../../../arm-none-eabi/lib/armv7-m/libc.a(lib_a-fseek.o)
                0x0000000000006a38                _fseek_r
 .text._fseeko_r
                0x0000000000006a3c      0x2d8 /Applications/lpcxpresso_7.5.0_254/lpcxpresso/tools/bin/../lib/gcc/arm-none-eabi/4.8.4/../../../../arm-none-eabi/lib/armv7-m/libc.a(lib_a-fseeko.o)
                0x0000000000006a3c                _fseeko_r
 .text._fstat_r
                0x0000000000006d14       0x28 /Applications/lpcxpresso_7.5.0_254/lpcxpresso/tools/bin/../lib/gcc/arm-none-eabi/4.8.4/../../../../arm-none-eabi/lib/armv7-m/libc.a(lib_a-fstatr.o)
                0x0000000000006d14                _fstat_r
 .text.__sfvwrite_r
                0x0000000000006d3c      0x318 /Applications/lpcxpresso_7.5.0_254/lpcxpresso/tools/bin/../lib/gcc/arm-none-eabi/4.8.4/../../../../arm-none-eabi/lib/armv7-m/libc.a(lib_a-fvwrite.o)
                0x0000000000006d3c                __sfvwrite_r
 .text._fwalk   0x0000000000007054       0x48 /Applications/lpcxpresso_7.5.0_254/lpcxpresso/tools/bin/../lib/gcc/arm-none-eabi/4.8.4/../../../../arm-none-eabi/lib/armv7-m/libc.a(lib_a-fwalk.o)
                0x0000000000007054                _fwalk
 .text._fwalk_reent
                0x000000000000709c       0x4c /Applications/lpcxpresso_7.5.0_254/lpcxpresso/tools/bin/../lib/gcc/arm-none-eabi/4.8.4/../../../../arm-none-eabi/lib/armv7-m/libc.a(lib_a-fwalk.o)
                0x000000000000709c                _fwalk_reent
 .text.__libc_init_array
                0x00000000000070e8       0x50 /Applications/lpcxpresso_7.5.0_254/lpcxpresso/tools/bin/../lib/gcc/arm-none-eabi/4.8.4/../../../../arm-none-eabi/lib/armv7-m/libc.a(lib_a-init.o)
                0x00000000000070e8                __libc_init_array
 .text.__smakebuf_r
                0x0000000000007138       0xe0 /Applications/lpcxpresso_7.5.0_254/lpcxpresso/tools/bin/../lib/gcc/arm-none-eabi/4.8.4/../../../../arm-none-eabi/lib/armv7-m/libc.a(lib_a-makebuf.o)
                0x0000000000007138                __smakebuf_r
 .text.malloc   0x0000000000007218       0x10 /Applications/lpcxpresso_7.5.0_254/lpcxpresso/tools/bin/../lib/gcc/arm-none-eabi/4.8.4/../../../../arm-none-eabi/lib/armv7-m/libc.a(lib_a-malloc.o)
                0x0000000000007218                malloc
 .text.free     0x0000000000007228       0x10 /Applications/lpcxpresso_7.5.0_254/lpcxpresso/tools/bin/../lib/gcc/arm-none-eabi/4.8.4/../../../../arm-none-eabi/lib/armv7-m/libc.a(lib_a-malloc.o)
                0x0000000000007228                free
 .text._malloc_r
                0x0000000000007238      0x538 /Applications/lpcxpresso_7.5.0_254/lpcxpresso/tools/bin/../lib/gcc/arm-none-eabi/4.8.4/../../../../arm-none-eabi/lib/armv7-m/libc.a(lib_a-mallocr.o)
                0x0000000000007238                _malloc_r
 .text.memchr   0x0000000000007770       0x94 /Applications/lpcxpresso_7.5.0_254/lpcxpresso/tools/bin/../lib/gcc/arm-none-eabi/4.8.4/../../../../arm-none-eabi/lib/armv7-m/libc.a(lib_a-memchr-stub.o)
                0x0000000000007770                memchr
 .text          0x0000000000007804       0xec /Applications/lpcxpresso_7.5.0_254/lpcxpresso/tools/bin/../lib/gcc/arm-none-eabi/4.8.4/../../../../arm-none-eabi/lib/armv7-m/libc.a(lib_a-memcpy.o)
                0x0000000000007804                memcpy
 .text.memmove  0x00000000000078f0       0xcc /Applications/lpcxpresso_7.5.0_254/lpcxpresso/tools/bin/../lib/gcc/arm-none-eabi/4.8.4/../../../../arm-none-eabi/lib/armv7-m/libc.a(lib_a-memmove.o)
                0x00000000000078f0                memmove
 .text.memset   0x00000000000079bc       0x94 /Applications/lpcxpresso_7.5.0_254/lpcxpresso/tools/bin/../lib/gcc/arm-none-eabi/4.8.4/../../../../arm-none-eabi/lib/armv7-m/libc.a(lib_a-memset.o)
                0x00000000000079bc                memset
 .text.__malloc_lock
                0x0000000000007a50        0x4 /Applications/lpcxpresso_7.5.0_254/lpcxpresso/tools/bin/../lib/gcc/arm-none-eabi/4.8.4/../../../../arm-none-eabi/lib/armv7-m/libc.a(lib_a-mlock.o)
                0x0000000000007a50                __malloc_lock
 .text.__malloc_unlock
                0x0000000000007a54        0x4 /Applications/lpcxpresso_7.5.0_254/lpcxpresso/tools/bin/../lib/gcc/arm-none-eabi/4.8.4/../../../../arm-none-eabi/lib/armv7-m/libc.a(lib_a-mlock.o)
                0x0000000000007a54                __malloc_unlock
 .text._open_r  0x0000000000007a58       0x28 /Applications/lpcxpresso_7.5.0_254/lpcxpresso/tools/bin/../lib/gcc/arm-none-eabi/4.8.4/../../../../arm-none-eabi/lib/armv7-m/libc.a(lib_a-openr.o)
                0x0000000000007a58                _open_r
 .text.printf   0x0000000000007a80       0x28 /Applications/lpcxpresso_7.5.0_254/lpcxpresso/tools/bin/../lib/gcc/arm-none-eabi/4.8.4/../../../../arm-none-eabi/lib/armv7-m/libc.a(lib_a-printf.o)
                0x0000000000007a80                printf
 .text._putc_r  0x0000000000007aa8       0x58 /Applications/lpcxpresso_7.5.0_254/lpcxpresso/tools/bin/../lib/gcc/arm-none-eabi/4.8.4/../../../../arm-none-eabi/lib/armv7-m/libc.a(lib_a-putc.o)
                0x0000000000007aa8                _putc_r
 .text._realloc_r
                0x0000000000007b00      0x3c0 /Applications/lpcxpresso_7.5.0_254/lpcxpresso/tools/bin/../lib/gcc/arm-none-eabi/4.8.4/../../../../arm-none-eabi/lib/armv7-m/libc.a(lib_a-reallocr.o)
                0x0000000000007b00                _realloc_r
 .text.lflush   0x0000000000007ec0       0x14 /Applications/lpcxpresso_7.5.0_254/lpcxpresso/tools/bin/../lib/gcc/arm-none-eabi/4.8.4/../../../../arm-none-eabi/lib/armv7-m/libc.a(lib_a-refill.o)
 .text.__srefill_r
                0x0000000000007ed4      0x114 /Applications/lpcxpresso_7.5.0_254/lpcxpresso/tools/bin/../lib/gcc/arm-none-eabi/4.8.4/../../../../arm-none-eabi/lib/armv7-m/libc.a(lib_a-refill.o)
                0x0000000000007ed4                __srefill_r
 .text._sbrk_r  0x0000000000007fe8       0x24 /Applications/lpcxpresso_7.5.0_254/lpcxpresso/tools/bin/../lib/gcc/arm-none-eabi/4.8.4/../../../../arm-none-eabi/lib/armv7-m/libc.a(lib_a-sbrkr.o)
                0x0000000000007fe8                _sbrk_r
 .text.setbuf   0x000000000000800c       0x10 /Applications/lpcxpresso_7.5.0_254/lpcxpresso/tools/bin/../lib/gcc/arm-none-eabi/4.8.4/../../../../arm-none-eabi/lib/armv7-m/libc.a(lib_a-setbuf.o)
                0x000000000000800c                setbuf
 .text.setvbuf  0x000000000000801c      0x100 /Applications/lpcxpresso_7.5.0_254/lpcxpresso/tools/bin/../lib/gcc/arm-none-eabi/4.8.4/../../../../arm-none-eabi/lib/armv7-m/libc.a(lib_a-setvbuf.o)
                0x000000000000801c                setvbuf
 .text.sprintf  0x000000000000811c       0x4c /Applications/lpcxpresso_7.5.0_254/lpcxpresso/tools/bin/../lib/gcc/arm-none-eabi/4.8.4/../../../../arm-none-eabi/lib/armv7-m/libc.a(lib_a-sprintf.o)
                0x000000000000811c                sprintf
 .text.sscanf   0x0000000000008168       0x5c /Applications/lpcxpresso_7.5.0_254/lpcxpresso/tools/bin/../lib/gcc/arm-none-eabi/4.8.4/../../../../arm-none-eabi/lib/armv7-m/libc.a(lib_a-sscanf.o)
                0x0000000000008168                sscanf
 .text.__sread  0x00000000000081c4       0x24 /Applications/lpcxpresso_7.5.0_254/lpcxpresso/tools/bin/../lib/gcc/arm-none-eabi/4.8.4/../../../../arm-none-eabi/lib/armv7-m/libc.a(lib_a-stdio.o)
                0x00000000000081c4                __sread
 .text.__seofread
                0x00000000000081e8        0x4 /Applications/lpcxpresso_7.5.0_254/lpcxpresso/tools/bin/../lib/gcc/arm-none-eabi/4.8.4/../../../../arm-none-eabi/lib/armv7-m/libc.a(lib_a-stdio.o)
                0x00000000000081e8                __seofread
 .text.__swrite
                0x00000000000081ec       0x38 /Applications/lpcxpresso_7.5.0_254/lpcxpresso/tools/bin/../lib/gcc/arm-none-eabi/4.8.4/../../../../arm-none-eabi/lib/armv7-m/libc.a(lib_a-stdio.o)
                0x00000000000081ec                __swrite
 .text.__sseek  0x0000000000008224       0x20 /Applications/lpcxpresso_7.5.0_254/lpcxpresso/tools/bin/../lib/gcc/arm-none-eabi/4.8.4/../../../../arm-none-eabi/lib/armv7-m/libc.a(lib_a-stdio.o)
                0x0000000000008224                __sseek
 .text.__sclose
                0x0000000000008244        0x8 /Applications/lpcxpresso_7.5.0_254/lpcxpresso/tools/bin/../lib/gcc/arm-none-eabi/4.8.4/../../../../arm-none-eabi/lib/armv7-m/libc.a(lib_a-stdio.o)
                0x0000000000008244                __sclose
 .text          0x000000000000824c      0x23c /Applications/lpcxpresso_7.5.0_254/lpcxpresso/tools/bin/../lib/gcc/arm-none-eabi/4.8.4/../../../../arm-none-eabi/lib/armv7-m/libc.a(lib_a-strcmp.o)
                0x000000000000824c                strcmp
 .text.strlen   0x0000000000008488       0x60 /Applications/lpcxpresso_7.5.0_254/lpcxpresso/tools/bin/../lib/gcc/arm-none-eabi/4.8.4/../../../../arm-none-eabi/lib/armv7-m/libc.a(lib_a-strlen.o)
                0x0000000000008488                strlen
 .text.strncmp  0x00000000000084e8       0xb4 /Applications/lpcxpresso_7.5.0_254/lpcxpresso/tools/bin/../lib/gcc/arm-none-eabi/4.8.4/../../../../arm-none-eabi/lib/armv7-m/libc.a(lib_a-strncmp.o)
                0x00000000000084e8                strncmp
 .text._svfprintf_r
                0x000000000000859c     0x14e0 /Applications/lpcxpresso_7.5.0_254/lpcxpresso/tools/bin/../lib/gcc/arm-none-eabi/4.8.4/../../../../arm-none-eabi/lib/armv7-m/libc.a(lib_a-svfprintf.o)
                0x000000000000859c                _svfprintf_r
 .text.__ssvfscanf_r
                0x0000000000009a7c      0xe78 /Applications/lpcxpresso_7.5.0_254/lpcxpresso/tools/bin/../lib/gcc/arm-none-eabi/4.8.4/../../../../arm-none-eabi/lib/armv7-m/libc.a(lib_a-svfscanf.o)
                0x0000000000009a7c                __ssvfscanf_r
 .text._vfprintf_r
                0x000000000000a8f4     0x1524 /Applications/lpcxpresso_7.5.0_254/lpcxpresso/tools/bin/../lib/gcc/arm-none-eabi/4.8.4/../../../../arm-none-eabi/lib/armv7-m/libc.a(lib_a-vfprintf.o)
                0x000000000000a8f4                _vfprintf_r
 .text.vfprintf
                0x000000000000be18       0x18 /Applications/lpcxpresso_7.5.0_254/lpcxpresso/tools/bin/../lib/gcc/arm-none-eabi/4.8.4/../../../../arm-none-eabi/lib/armv7-m/libc.a(lib_a-vfprintf.o)
                0x000000000000be18                vfprintf
 .text.__sbprintf
                0x000000000000be30       0x7c /Applications/lpcxpresso_7.5.0_254/lpcxpresso/tools/bin/../lib/gcc/arm-none-eabi/4.8.4/../../../../arm-none-eabi/lib/armv7-m/libc.a(lib_a-vfprintf.o)
 .text.__swbuf_r
                0x000000000000beac       0xa8 /Applications/lpcxpresso_7.5.0_254/lpcxpresso/tools/bin/../lib/gcc/arm-none-eabi/4.8.4/../../../../arm-none-eabi/lib/armv7-m/libc.a(lib_a-wbuf.o)
                0x000000000000beac                __swbuf_r
 .text._write_r
                0x000000000000bf54       0x28 /Applications/lpcxpresso_7.5.0_254/lpcxpresso/tools/bin/../lib/gcc/arm-none-eabi/4.8.4/../../../../arm-none-eabi/lib/armv7-m/libc.a(lib_a-writer.o)
                0x000000000000bf54                _write_r
 .text.__swsetup_r
                0x000000000000bf7c       0xc4 /Applications/lpcxpresso_7.5.0_254/lpcxpresso/tools/bin/../lib/gcc/arm-none-eabi/4.8.4/../../../../arm-none-eabi/lib/armv7-m/libc.a(lib_a-wsetup.o)
                0x000000000000bf7c                __swsetup_r
 .text.__register_exitproc
                0x000000000000c040       0xa8 /Applications/lpcxpresso_7.5.0_254/lpcxpresso/tools/bin/../lib/gcc/arm-none-eabi/4.8.4/../../../../arm-none-eabi/lib/armv7-m/libc.a(lib_a-__atexit.o)
                0x000000000000c040                __register_exitproc
 .text._close_r
                0x000000000000c0e8       0x24 /Applications/lpcxpresso_7.5.0_254/lpcxpresso/tools/bin/../lib/gcc/arm-none-eabi/4.8.4/../../../../arm-none-eabi/lib/armv7-m/libc.a(lib_a-closer.o)
                0x000000000000c0e8                _close_r
 .text.quorem   0x000000000000c10c      0x134 /Applications/lpcxpresso_7.5.0_254/lpcxpresso/tools/bin/../lib/gcc/arm-none-eabi/4.8.4/../../../../arm-none-eabi/lib/armv7-m/libc.a(lib_a-dtoa.o)
 .text._dtoa_r  0x000000000000c240      0xe38 /Applications/lpcxpresso_7.5.0_254/lpcxpresso/tools/bin/../lib/gcc/arm-none-eabi/4.8.4/../../../../arm-none-eabi/lib/armv7-m/libc.a(lib_a-dtoa.o)
                0x000000000000c240                _dtoa_r
 .text.__sflags
                0x000000000000d078       0x70 /Applications/lpcxpresso_7.5.0_254/lpcxpresso/tools/bin/../lib/gcc/arm-none-eabi/4.8.4/../../../../arm-none-eabi/lib/armv7-m/libc.a(lib_a-flags.o)
                0x000000000000d078                __sflags
 .text._isatty_r
                0x000000000000d0e8       0x24 /Applications/lpcxpresso_7.5.0_254/lpcxpresso/tools/bin/../lib/gcc/arm-none-eabi/4.8.4/../../../../arm-none-eabi/lib/armv7-m/libc.a(lib_a-isattyr.o)
                0x000000000000d0e8                _isatty_r
 .text.iswspace
                0x000000000000d10c       0x1c /Applications/lpcxpresso_7.5.0_254/lpcxpresso/tools/bin/../lib/gcc/arm-none-eabi/4.8.4/../../../../arm-none-eabi/lib/armv7-m/libc.a(lib_a-iswspace.o)
                0x000000000000d10c                iswspace
 .text.__locale_charset
                0x000000000000d128        0x8 /Applications/lpcxpresso_7.5.0_254/lpcxpresso/tools/bin/../lib/gcc/arm-none-eabi/4.8.4/../../../../arm-none-eabi/lib/armv7-m/libc.a(lib_a-locale.o)
                0x000000000000d128                __locale_charset
 .text.__locale_mb_cur_max
                0x000000000000d130        0xc /Applications/lpcxpresso_7.5.0_254/lpcxpresso/tools/bin/../lib/gcc/arm-none-eabi/4.8.4/../../../../arm-none-eabi/lib/armv7-m/libc.a(lib_a-locale.o)
                0x000000000000d130                __locale_mb_cur_max
 .text._localeconv_r
                0x000000000000d13c        0x8 /Applications/lpcxpresso_7.5.0_254/lpcxpresso/tools/bin/../lib/gcc/arm-none-eabi/4.8.4/../../../../arm-none-eabi/lib/armv7-m/libc.a(lib_a-locale.o)
                0x000000000000d13c                _localeconv_r
 .text._lseek_r
                0x000000000000d144       0x28 /Applications/lpcxpresso_7.5.0_254/lpcxpresso/tools/bin/../lib/gcc/arm-none-eabi/4.8.4/../../../../arm-none-eabi/lib/armv7-m/libc.a(lib_a-lseekr.o)
                0x000000000000d144                _lseek_r
 .text._mbrtowc_r
                0x000000000000d16c       0x5c /Applications/lpcxpresso_7.5.0_254/lpcxpresso/tools/bin/../lib/gcc/arm-none-eabi/4.8.4/../../../../arm-none-eabi/lib/armv7-m/libc.a(lib_a-mbrtowc.o)
                0x000000000000d16c                _mbrtowc_r
 .text.__ascii_mbtowc
                0x000000000000d1c8       0x2c /Applications/lpcxpresso_7.5.0_254/lpcxpresso/tools/bin/../lib/gcc/arm-none-eabi/4.8.4/../../../../arm-none-eabi/lib/armv7-m/libc.a(lib_a-mbtowc_r.o)
                0x000000000000d1c8                __ascii_mbtowc
 .text._Balloc  0x000000000000d1f4       0x4c /Applications/lpcxpresso_7.5.0_254/lpcxpresso/tools/bin/../lib/gcc/arm-none-eabi/4.8.4/../../../../arm-none-eabi/lib/armv7-m/libc.a(lib_a-mprec.o)
                0x000000000000d1f4                _Balloc
 .text._Bfree   0x000000000000d240       0x14 /Applications/lpcxpresso_7.5.0_254/lpcxpresso/tools/bin/../lib/gcc/arm-none-eabi/4.8.4/../../../../arm-none-eabi/lib/armv7-m/libc.a(lib_a-mprec.o)
                0x000000000000d240                _Bfree
 .text.__multadd
                0x000000000000d254       0x94 /Applications/lpcxpresso_7.5.0_254/lpcxpresso/tools/bin/../lib/gcc/arm-none-eabi/4.8.4/../../../../arm-none-eabi/lib/armv7-m/libc.a(lib_a-mprec.o)
                0x000000000000d254                __multadd
 .text.__s2b    0x000000000000d2e8       0x98 /Applications/lpcxpresso_7.5.0_254/lpcxpresso/tools/bin/../lib/gcc/arm-none-eabi/4.8.4/../../../../arm-none-eabi/lib/armv7-m/libc.a(lib_a-mprec.o)
                0x000000000000d2e8                __s2b
 .text.__hi0bits
                0x000000000000d380       0x40 /Applications/lpcxpresso_7.5.0_254/lpcxpresso/tools/bin/../lib/gcc/arm-none-eabi/4.8.4/../../../../arm-none-eabi/lib/armv7-m/libc.a(lib_a-mprec.o)
                0x000000000000d380                __hi0bits
 .text.__lo0bits
                0x000000000000d3c0       0x5c /Applications/lpcxpresso_7.5.0_254/lpcxpresso/tools/bin/../lib/gcc/arm-none-eabi/4.8.4/../../../../arm-none-eabi/lib/armv7-m/libc.a(lib_a-mprec.o)
                0x000000000000d3c0                __lo0bits
 .text.__i2b    0x000000000000d41c       0x14 /Applications/lpcxpresso_7.5.0_254/lpcxpresso/tools/bin/../lib/gcc/arm-none-eabi/4.8.4/../../../../arm-none-eabi/lib/armv7-m/libc.a(lib_a-mprec.o)
                0x000000000000d41c                __i2b
 .text.__multiply
                0x000000000000d430      0x13c /Applications/lpcxpresso_7.5.0_254/lpcxpresso/tools/bin/../lib/gcc/arm-none-eabi/4.8.4/../../../../arm-none-eabi/lib/armv7-m/libc.a(lib_a-mprec.o)
                0x000000000000d430                __multiply
 .text.__pow5mult
                0x000000000000d56c       0x9c /Applications/lpcxpresso_7.5.0_254/lpcxpresso/tools/bin/../lib/gcc/arm-none-eabi/4.8.4/../../../../arm-none-eabi/lib/armv7-m/libc.a(lib_a-mprec.o)
                0x000000000000d56c                __pow5mult
 .text.__lshift
                0x000000000000d608       0xbc /Applications/lpcxpresso_7.5.0_254/lpcxpresso/tools/bin/../lib/gcc/arm-none-eabi/4.8.4/../../../../arm-none-eabi/lib/armv7-m/libc.a(lib_a-mprec.o)
                0x000000000000d608                __lshift
 .text.__mcmp   0x000000000000d6c4       0x48 /Applications/lpcxpresso_7.5.0_254/lpcxpresso/tools/bin/../lib/gcc/arm-none-eabi/4.8.4/../../../../arm-none-eabi/lib/armv7-m/libc.a(lib_a-mprec.o)
                0x000000000000d6c4                __mcmp
 .text.__mdiff  0x000000000000d70c       0xd8 /Applications/lpcxpresso_7.5.0_254/lpcxpresso/tools/bin/../lib/gcc/arm-none-eabi/4.8.4/../../../../arm-none-eabi/lib/armv7-m/libc.a(lib_a-mprec.o)
                0x000000000000d70c                __mdiff
 .text.__ulp    0x000000000000d7e4       0x40 /Applications/lpcxpresso_7.5.0_254/lpcxpresso/tools/bin/../lib/gcc/arm-none-eabi/4.8.4/../../../../arm-none-eabi/lib/armv7-m/libc.a(lib_a-mprec.o)
                0x000000000000d7e4                __ulp
 .text.__b2d    0x000000000000d824       0xb8 /Applications/lpcxpresso_7.5.0_254/lpcxpresso/tools/bin/../lib/gcc/arm-none-eabi/4.8.4/../../../../arm-none-eabi/lib/armv7-m/libc.a(lib_a-mprec.o)
                0x000000000000d824                __b2d
 .text.__d2b    0x000000000000d8dc       0xbc /Applications/lpcxpresso_7.5.0_254/lpcxpresso/tools/bin/../lib/gcc/arm-none-eabi/4.8.4/../../../../arm-none-eabi/lib/armv7-m/libc.a(lib_a-mprec.o)
                0x000000000000d8dc                __d2b
 .text.__ratio  0x000000000000d998       0x50 /Applications/lpcxpresso_7.5.0_254/lpcxpresso/tools/bin/../lib/gcc/arm-none-eabi/4.8.4/../../../../arm-none-eabi/lib/armv7-m/libc.a(lib_a-mprec.o)
                0x000000000000d998                __ratio
 .text.__copybits
                0x000000000000d9e8       0x48 /Applications/lpcxpresso_7.5.0_254/lpcxpresso/tools/bin/../lib/gcc/arm-none-eabi/4.8.4/../../../../arm-none-eabi/lib/armv7-m/libc.a(lib_a-mprec.o)
                0x000000000000d9e8                __copybits
 .text.__any_on
                0x000000000000da30       0x60 /Applications/lpcxpresso_7.5.0_254/lpcxpresso/tools/bin/../lib/gcc/arm-none-eabi/4.8.4/../../../../arm-none-eabi/lib/armv7-m/libc.a(lib_a-mprec.o)
                0x000000000000da30                __any_on
 .text._read_r  0x000000000000da90       0x28 /Applications/lpcxpresso_7.5.0_254/lpcxpresso/tools/bin/../lib/gcc/arm-none-eabi/4.8.4/../../../../arm-none-eabi/lib/armv7-m/libc.a(lib_a-readr.o)
                0x000000000000da90                _read_r
 .text.__fpclassifyd
                0x000000000000dab8       0x50 /Applications/lpcxpresso_7.5.0_254/lpcxpresso/tools/bin/../lib/gcc/arm-none-eabi/4.8.4/../../../../arm-none-eabi/lib/armv7-m/libc.a(lib_a-s_fpclassify.o)
                0x000000000000dab8                __fpclassifyd
 .text.__sccl   0x000000000000db08       0x70 /Applications/lpcxpresso_7.5.0_254/lpcxpresso/tools/bin/../lib/gcc/arm-none-eabi/4.8.4/../../../../arm-none-eabi/lib/armv7-m/libc.a(lib_a-sccl.o)
                0x000000000000db08                __sccl
 .text.nanf     0x000000000000db78        0x8 /Applications/lpcxpresso_7.5.0_254/lpcxpresso/tools/bin/../lib/gcc/arm-none-eabi/4.8.4/../../../../arm-none-eabi/lib/armv7-m/libc.a(lib_a-sf_nan.o)
                0x000000000000db78                nanf
 .text.sulp     0x000000000000db80       0x40 /Applications/lpcxpresso_7.5.0_254/lpcxpresso/tools/bin/../lib/gcc/arm-none-eabi/4.8.4/../../../../arm-none-eabi/lib/armv7-m/libc.a(lib_a-strtod.o)
 .text._strtod_r
                0x000000000000dbc0      0xf40 /Applications/lpcxpresso_7.5.0_254/lpcxpresso/tools/bin/../lib/gcc/arm-none-eabi/4.8.4/../../../../arm-none-eabi/lib/armv7-m/libc.a(lib_a-strtod.o)
                0x000000000000dbc0                _strtod_r
 .text._strtol_r
                0x000000000000eb00      0x114 /Applications/lpcxpresso_7.5.0_254/lpcxpresso/tools/bin/../lib/gcc/arm-none-eabi/4.8.4/../../../../arm-none-eabi/lib/armv7-m/libc.a(lib_a-strtol.o)
                0x000000000000eb00                _strtol_r
 .text._strtoll_r
                0x000000000000ec14      0x19c /Applications/lpcxpresso_7.5.0_254/lpcxpresso/tools/bin/../lib/gcc/arm-none-eabi/4.8.4/../../../../arm-none-eabi/lib/armv7-m/libc.a(lib_a-strtoll_r.o)
                0x000000000000ec14                _strtoll_r
 .text._strtoul_r
                0x000000000000edb0      0x130 /Applications/lpcxpresso_7.5.0_254/lpcxpresso/tools/bin/../lib/gcc/arm-none-eabi/4.8.4/../../../../arm-none-eabi/lib/armv7-m/libc.a(lib_a-strtoul.o)
                0x000000000000edb0                _strtoul_r
 .text._strtoull_r
                0x000000000000eee0      0x190 /Applications/lpcxpresso_7.5.0_254/lpcxpresso/tools/bin/../lib/gcc/arm-none-eabi/4.8.4/../../../../arm-none-eabi/lib/armv7-m/libc.a(lib_a-strtoull_r.o)
                0x000000000000eee0                _strtoull_r
 .text.__ssprint_r
                0x000000000000f070      0x100 /Applications/lpcxpresso_7.5.0_254/lpcxpresso/tools/bin/../lib/gcc/arm-none-eabi/4.8.4/../../../../arm-none-eabi/lib/armv7-m/libc.a(lib_a-svfiprintf.o)
                0x000000000000f070                __ssprint_r
 .text._sungetc_r
                0x000000000000f170       0x80 /Applications/lpcxpresso_7.5.0_254/lpcxpresso/tools/bin/../lib/gcc/arm-none-eabi/4.8.4/../../../../arm-none-eabi/lib/armv7-m/libc.a(lib_a-svfiscanf.o)
                0x000000000000f170                _sungetc_r
 .text.__ssrefill_r
                0x000000000000f1f0       0x3c /Applications/lpcxpresso_7.5.0_254/lpcxpresso/tools/bin/../lib/gcc/arm-none-eabi/4.8.4/../../../../arm-none-eabi/lib/armv7-m/libc.a(lib_a-svfiscanf.o)
                0x000000000000f1f0                __ssrefill_r
 .text._sfread_r
                0x000000000000f22c       0x80 /Applications/lpcxpresso_7.5.0_254/lpcxpresso/tools/bin/../lib/gcc/arm-none-eabi/4.8.4/../../../../arm-none-eabi/lib/armv7-m/libc.a(lib_a-svfiscanf.o)
                0x000000000000f22c                _sfread_r
 .text.__submore
                0x000000000000f2ac       0x7c /Applications/lpcxpresso_7.5.0_254/lpcxpresso/tools/bin/../lib/gcc/arm-none-eabi/4.8.4/../../../../arm-none-eabi/lib/armv7-m/libc.a(lib_a-ungetc.o)
                0x000000000000f2ac                __submore
 .text.__sprint_r.part.0
                0x000000000000f328       0x78 /Applications/lpcxpresso_7.5.0_254/lpcxpresso/tools/bin/../lib/gcc/arm-none-eabi/4.8.4/../../../../arm-none-eabi/lib/armv7-m/libc.a(lib_a-vfiprintf.o)
 .text.__sprint_r
                0x000000000000f3a0       0x18 /Applications/lpcxpresso_7.5.0_254/lpcxpresso/tools/bin/../lib/gcc/arm-none-eabi/4.8.4/../../../../arm-none-eabi/lib/armv7-m/libc.a(lib_a-vfiprintf.o)
                0x000000000000f3a0                __sprint_r
 .text._calloc_r
                0x000000000000f3b8       0x60 /Applications/lpcxpresso_7.5.0_254/lpcxpresso/tools/bin/../lib/gcc/arm-none-eabi/4.8.4/../../../../arm-none-eabi/lib/armv7-m/libc.a(lib_a-callocr.o)
                0x000000000000f3b8                _calloc_r
 .text._fputwc_r